 addon

 Timestamp is 5bfd9e7f (Tue Nov 27 20:43:59 2018)

 Preferred load address is 0000000180000000

 Start         Length     Name                   Class
 0001:00000000 00014730H .text$mn                CODE
 0001:00014730 00000020H .text$mn$00             CODE
 0001:00014750 00000250H .text$x                 CODE
 0002:00000000 00000258H .idata$5                DATA
 0002:00000258 00000010H .00cfg                  DATA
 0002:00000268 00000008H .CRT$XCA                DATA
 0002:00000270 00000008H .CRT$XCU                DATA
 0002:00000278 00000008H .CRT$XCZ                DATA
 0002:00000280 00000008H .CRT$XIA                DATA
 0002:00000288 00000018H .CRT$XIC                DATA
 0002:000002a0 00000008H .CRT$XIZ                DATA
 0002:000002a8 00000008H .CRT$XPA                DATA
 0002:000002b0 00000010H .CRT$XPX                DATA
 0002:000002c0 00000008H .CRT$XPXA               DATA
 0002:000002c8 00000008H .CRT$XPZ                DATA
 0002:000002d0 00000008H .CRT$XTA                DATA
 0002:000002d8 00000008H .CRT$XTZ                DATA
 0002:000002e0 00000000H .gfids$y                DATA
 0002:000002e0 00008620H .rdata                  DATA
 0002:00008900 000002fcH .rdata$r                DATA
 0002:00008bfc 000003b4H .rdata$zzzdbg           DATA
 0002:00008fb0 00000008H .rtc$IAA                DATA
 0002:00008fb8 00000008H .rtc$IZZ                DATA
 0002:00008fc0 00000008H .rtc$TAA                DATA
 0002:00008fc8 00000008H .rtc$TZZ                DATA
 0002:00008fd0 00001198H .xdata                  DATA
 0002:0000a168 0000017cH .xdata$x                DATA
 0002:0000a2e4 00000020H .didat$2                DATA
 0002:0000a304 00000024H .didat$3                DATA
 0002:0000a328 000000c8H .didat$4                DATA
 0002:0000a3f0 00000248H .didat$6                DATA
 0002:0000a638 000000c8H .didat$7                DATA
 0002:0000a700 00000050H .edata                  DATA
 0002:0000a750 00000014H .idata$2                DATA
 0002:0000a764 00000014H .idata$3                DATA
 0002:0000a778 00000258H .idata$4                DATA
 0002:0000a9d0 00000574H .idata$6                DATA
 0003:00000000 00000a88H .data                   DATA
 0003:00000a88 000000f0H .data$r                 DATA
 0003:00000b78 000000c8H .didat$5                DATA
 0003:00000c40 00001218H .bss                    DATA
 0004:00000000 0000147cH .pdata                  DATA
 0005:00000000 00000060H .rsrc$01                DATA
 0005:00000060 00000180H .rsrc$02                DATA

  Address         Publics by Value              Rva+Base               Lib:Object

 0000:00000000       __hybrid_code_map_count    0000000000000000     <absolute>
 0000:00000000       __hybrid_code_map          0000000000000000     <absolute>
 0000:00000000       __guard_iat_count          0000000000000000     <absolute>
 0000:00000000       __guard_longjmp_count      0000000000000000     <absolute>
 0000:00000000       __volatile_metadata        0000000000000000     <absolute>
 0000:00000000       __guard_longjmp_table      0000000000000000     <absolute>
 0000:00000000       __guard_iat_table          0000000000000000     <absolute>
 0000:00000000       __guard_fids_count         0000000000000000     <absolute>
 0000:00000000       ___safe_se_handler_count   0000000000000000     <absolute>
 0000:00000000       __enclave_config           0000000000000000     <absolute>
 0000:00000000       ___safe_se_handler_table   0000000000000000     <absolute>
 0000:00000000       __guard_fids_table         0000000000000000     <absolute>
 0000:00000000       __hybrid_auxiliary_iat     0000000000000000     <absolute>
 0000:00000000       __dynamic_value_reloc_table 0000000000000000     <absolute>
 0000:00000100       __guard_flags              0000000000000100     <absolute>
 0000:00000000       __ImageBase                0000000180000000     <linker-defined>
 0001:00000000       ?Utf8Value@String@Napi@@QEBA?AV?$basic_string@DU?$char_traits@D@std@@V?$allocator@D@2@@std@@XZ 0000000180001000 f i node.obj
 0001:000002e0       ?New@Error@Napi@@SA?AV12@PEAUnapi_env__@@@Z 00000001800012e0 f i node.obj
 0001:000004d0       ?ThrowAsJavaScriptException@Error@Napi@@QEBAXXZ 00000001800014d0 f i node.obj
 0001:00000700       ??0CallbackInfo@Napi@@QEAA@PEAUnapi_env__@@PEAUnapi_callback_info__@@@Z 0000000180001700 f i node.obj
 0001:000008d0       ??ACallbackInfo@Napi@@QEBA?BVValue@1@_K@Z 00000001800018d0 f i node.obj
 0001:000009f0       ?levenshtein@@YAIAEAV?$basic_string@DU?$char_traits@D@std@@V?$allocator@D@2@@std@@0@Z 00000001800019f0 f   node.obj
 0001:00000e40       ?Levenstein@@YA?AVValue@Napi@@AEBVCallbackInfo@2@@Z 0000000180001e40 f   node.obj
 0001:000010f0       ?Init@@YA?AVObject@Napi@@VEnv@2@V12@@Z 00000001800020f0 f   node.obj
 0001:00001360       ?__napi_Init@@YAPEAUnapi_value__@@PEAUnapi_env__@@PEAU1@@Z 0000000180002360 f   node.obj
 0001:000013c0       ?reserve@?$basic_string@DU?$char_traits@D@std@@V?$allocator@D@2@@std@@QEAAX_K@Z 00000001800023c0 f i node.obj
 0001:00001580       ?_Xlength@?$vector@HV?$allocator@H@std@@@std@@CAXXZ 0000000180002580 f i node.obj
 0001:000015a0       ??$_Reallocate_grow_by@V<lambda_e1befb086ad3257e3f042a63030725f7>@@_KD@?$basic_string@DU?$char_traits@D@std@@V?$allocator@D@2@@std@@QEAAAEAV01@_KV<lambda_e1befb086ad3257e3f042a63030725f7>@@_KD@Z 00000001800025a0 f i node.obj
 0001:00001710       ?Wrapper@?$CallbackData@P6A?AVValue@Napi@@AEBVCallbackInfo@2@@ZV12@@details@Napi@@SAPEAUnapi_value__@@PEAUnapi_env__@@PEAUnapi_callback_info__@@@Z 0000000180002710 f i node.obj
 0001:00001770       ?_Xlen@?$basic_string@DU?$char_traits@D@std@@V?$allocator@D@2@@std@@SAXXZ 0000000180002770 f i node.obj
 0001:000017ec       __imp_load_napi_create_function 00000001800027ec f   node:node.exe
 0001:000017f8       __tailMerge_node_exe       00000001800027f8     node:node.exe
 0001:00001871       __imp_load_napi_open_handle_scope 0000000180002871 f   node:node.exe
 0001:0000187d       __imp_load_napi_get_last_error_info 000000018000287d f   node:node.exe
 0001:00001889       __imp_load_napi_create_error 0000000180002889 f   node:node.exe
 0001:00001895       __imp_load_napi_delete_reference 0000000180002895 f   node:node.exe
 0001:000018a1       __imp_load_napi_fatal_error 00000001800028a1 f   node:node.exe
 0001:000018ad       __imp_load_napi_is_exception_pending 00000001800028ad f   node:node.exe
 0001:000018b9       __imp_load_napi_create_symbol 00000001800028b9 f   node:node.exe
 0001:000018c5       __imp_load_napi_get_value_string_utf8 00000001800028c5 f   node:node.exe
 0001:000018d1       __imp_load_napi_create_type_error 00000001800028d1 f   node:node.exe
 0001:000018dd       __imp_load_napi_create_external 00000001800028dd f   node:node.exe
 0001:000018e9       __imp_load_napi_create_string_utf8 00000001800028e9 f   node:node.exe
 0001:000018f5       __imp_load_napi_module_register 00000001800028f5 f   node:node.exe
 0001:00001901       __imp_load_napi_set_named_property 0000000180002901 f   node:node.exe
 0001:0000190d       __imp_load_napi_define_properties 000000018000290d f   node:node.exe
 0001:00001919       __imp_load_napi_typeof     0000000180002919 f   node:node.exe
 0001:00001925       __imp_load_napi_throw      0000000180002925 f   node:node.exe
 0001:00001931       __imp_load_napi_get_and_clear_last_exception 0000000180002931 f   node:node.exe
 0001:0000193d       __imp_load_napi_get_undefined 000000018000293d f   node:node.exe
 0001:00001949       __imp_load_napi_get_cb_info 0000000180002949 f   node:node.exe
 0001:00001955       __imp_load_napi_create_reference 0000000180002955 f   node:node.exe
 0001:00001961       __imp_load_napi_close_handle_scope 0000000180002961 f   node:node.exe
 0001:0000196d       __imp_load_napi_create_double 000000018000296d f   node:node.exe
 0001:00001979       __imp_load_napi_get_reference_value 0000000180002979 f   node:node.exe
 0001:00001988       ??0bad_alloc@std@@QEAA@AEBV01@@Z 0000000180002988 f i libcpmt:xthrow.obj
 0001:000019c8       ??0bad_alloc@std@@QEAA@XZ  00000001800029c8 f i libcpmt:xthrow.obj
 0001:000019e8       ??0exception@std@@QEAA@AEBV01@@Z 00000001800029e8 f i libcpmt:xthrow.obj
 0001:00001a20       ??0length_error@std@@QEAA@AEBV01@@Z 0000000180002a20 f i libcpmt:xthrow.obj
 0001:00001a60       ??0length_error@std@@QEAA@PEBD@Z 0000000180002a60 f i libcpmt:xthrow.obj
 0001:00001aac       ??0logic_error@std@@QEAA@AEBV01@@Z 0000000180002aac f i libcpmt:xthrow.obj
 0001:00001aec       ??1length_error@std@@UEAA@XZ 0000000180002aec f i libcpmt:xthrow.obj
 0001:00001aec       ??1bad_alloc@std@@UEAA@XZ  0000000180002aec f i libcpmt:xthrow.obj
 0001:00001aec       ??1bad_array_new_length@std@@UEAA@XZ 0000000180002aec f i LIBCMT:throw_bad_alloc.obj
 0001:00001b00       ??_Ebad_alloc@std@@UEAAPEAXI@Z 0000000180002b00 f i libcpmt:xthrow.obj
 0001:00001b00       ??_Gexception@std@@UEAAPEAXI@Z 0000000180002b00 f i libcpmt:xthrow.obj
 0001:00001b00       ??_Eexception@std@@UEAAPEAXI@Z 0000000180002b00 f i libcpmt:xthrow.obj
 0001:00001b00       ??_Glogic_error@std@@UEAAPEAXI@Z 0000000180002b00 f i libcpmt:xthrow.obj
 0001:00001b00       ??_Gbad_alloc@std@@UEAAPEAXI@Z 0000000180002b00 f i libcpmt:xthrow.obj
 0001:00001b00       ??_Ebad_array_new_length@std@@UEAAPEAXI@Z 0000000180002b00 f i LIBCMT:throw_bad_alloc.obj
 0001:00001b00       ??_Glength_error@std@@UEAAPEAXI@Z 0000000180002b00 f i libcpmt:xthrow.obj
 0001:00001b00       ??_Elogic_error@std@@UEAAPEAXI@Z 0000000180002b00 f i libcpmt:xthrow.obj
 0001:00001b00       ??_Elength_error@std@@UEAAPEAXI@Z 0000000180002b00 f i libcpmt:xthrow.obj
 0001:00001b00       ??_Gbad_array_new_length@std@@UEAAPEAXI@Z 0000000180002b00 f i LIBCMT:throw_bad_alloc.obj
 0001:00001b44       ?_Xlength_error@std@@YAXPEBD@Z 0000000180002b44 f   libcpmt:xthrow.obj
 0001:00001b68       ?what@exception@std@@UEBAPEBDXZ 0000000180002b68 f i libcpmt:xthrow.obj
 0001:00001b90       __security_check_cookie    0000000180002b90 f   LIBCMT:amdsecgs.obj
 0001:00001bb4       ??_V@YAXPEAX@Z             0000000180002bb4 f   LIBCMT:delete_array.obj
 0001:00001bb4       ??3@YAXPEAX_K@Z            0000000180002bb4 f   LIBCMT:delete_scalar_size.obj
 0001:00001bbc       ??2@YAPEAX_K@Z             0000000180002bbc f   LIBCMT:new_scalar.obj
 0001:00001bf8       ??_U@YAPEAX_K@Z            0000000180002bf8 f   LIBCMT:new_array.obj
 0001:00001f30       _DllMainCRTStartup         0000000180002f30 f   LIBCMT:dll_dllmain.obj
 0001:00001f70       ??_Gtype_info@@UEAAPEAXI@Z 0000000180002f70 f i LIBCMT:std_type_info_static.obj
 0001:00001f70       ??_Etype_info@@UEAAPEAXI@Z 0000000180002f70 f i LIBCMT:std_type_info_static.obj
 0001:00001f9c       __raise_securityfailure    0000000180002f9c f   LIBCMT:gs_report.obj
 0001:00001fd0       __report_gsfailure         0000000180002fd0 f   LIBCMT:gs_report.obj
 0001:000020a4       __report_rangecheckfailure 00000001800030a4 f   LIBCMT:gs_report.obj
 0001:000020b8       __report_securityfailure   00000001800030b8 f   LIBCMT:gs_report.obj
 0001:00002238       ??3@YAXPEAX@Z              0000000180003238 f   LIBCMT:delete_scalar.obj
 0001:00002240       ??0bad_array_new_length@std@@QEAA@AEBV01@@Z 0000000180003240 f i LIBCMT:throw_bad_alloc.obj
 0001:00002280       ??0bad_array_new_length@std@@QEAA@XZ 0000000180003280 f i LIBCMT:throw_bad_alloc.obj
 0001:000022a0       ?__scrt_throw_std_bad_alloc@@YAXXZ 00000001800032a0 f   LIBCMT:throw_bad_alloc.obj
 0001:000022c0       ?__scrt_throw_std_bad_array_new_length@@YAXXZ 00000001800032c0 f   LIBCMT:throw_bad_alloc.obj
 0001:000022e0       __security_init_cookie     00000001800032e0 f   LIBCMT:gs_support.obj
 0001:0000238c       DllMain                    000000018000338c f   LIBCMT:dll_dllmain_stub.obj
 0001:0000238c       _get_startup_argv_mode     000000018000338c f   LIBCMT:argv_mode.obj
 0001:00002394       ?__scrt_initialize_type_info@@YAXXZ 0000000180003394 f   LIBCMT:tncleanup.obj
 0001:000023a4       ?__scrt_uninitialize_type_info@@YAXXZ 00000001800033a4 f   LIBCMT:tncleanup.obj
 0001:000023b0       __local_stdio_printf_options 00000001800033b0 f i LIBCMT:default_local_stdio_options.obj
 0001:000023b8       __local_stdio_scanf_options 00000001800033b8 f i LIBCMT:default_local_stdio_options.obj
 0001:000023c0       __scrt_initialize_default_local_stdio_options 00000001800033c0 f   LIBCMT:default_local_stdio_options.obj
 0001:000023dc       __scrt_acquire_startup_lock 00000001800033dc f   LIBCMT:utility.obj
 0001:00002418       __scrt_dllmain_after_initialize_c 0000000180003418 f   LIBCMT:utility.obj
 0001:0000244c       __scrt_dllmain_before_initialize_c 000000018000344c f   LIBCMT:utility.obj
 0001:00002464       __scrt_dllmain_crt_thread_attach 0000000180003464 f   LIBCMT:utility.obj
 0001:0000248c       __scrt_dllmain_crt_thread_detach 000000018000348c f   LIBCMT:utility.obj
 0001:000024a4       __scrt_dllmain_exception_filter 00000001800034a4 f   LIBCMT:utility.obj
 0001:00002504       __scrt_dllmain_uninitialize_c 0000000180003504 f   LIBCMT:utility.obj
 0001:00002534       __scrt_dllmain_uninitialize_critical 0000000180003534 f   LIBCMT:utility.obj
 0001:00002548       __scrt_initialize_crt      0000000180003548 f   LIBCMT:utility.obj
 0001:00002594       __scrt_initialize_onexit_tables 0000000180003594 f   LIBCMT:utility.obj
 0001:0000266c       __scrt_is_nonwritable_in_current_image 000000018000366c f   LIBCMT:utility.obj
 0001:00002708       __scrt_release_startup_lock 0000000180003708 f   LIBCMT:utility.obj
 0001:0000272c       __scrt_uninitialize_crt    000000018000372c f   LIBCMT:utility.obj
 0001:00002758       __scrt_get_dyn_tls_init_callback 0000000180003758 f   LIBCMT:dyn_tls_init.obj
 0001:00002760       __crt_debugger_hook        0000000180003760 f   LIBCMT:utility_desktop.obj
 0001:00002768       __scrt_fastfail            0000000180003768 f   LIBCMT:utility_desktop.obj
 0001:000028b4       _RTC_Initialize            00000001800038b4 f   LIBCMT:initsect.obj
 0001:000028f0       _RTC_Terminate             00000001800038f0 f   LIBCMT:initsect.obj
 0001:0000292c       _guard_check_icall_nop     000000018000392c f i LIBCMT:guard_support.obj
 0001:00002930       __isa_available_init       0000000180003930 f   LIBCMT:cpu_disp.obj
 0001:00002aec       __scrt_is_ucrt_dll_in_use  0000000180003aec f   LIBCMT:ucrt_detection.obj
 0001:00002b00       __std_exception_copy       0000000180003b00 f   libvcruntime:std_exception.obj
 0001:00002b90       __std_exception_destroy    0000000180003b90 f   libvcruntime:std_exception.obj
 0001:00002bb8       _CxxThrowException         0000000180003bb8 f   libvcruntime:throw.obj
 0001:00002c78       __C_specific_handler       0000000180003c78 f   libvcruntime:riscchandler.obj
 0001:00002e84       __std_type_info_destroy_list 0000000180003e84 f   libvcruntime:std_type_info.obj
 0001:00002eb0       __vcrt_initialize          0000000180003eb0 f   libvcruntime:initialization.obj
 0001:00002ee4       __vcrt_thread_attach       0000000180003ee4 f   libvcruntime:initialization.obj
 0001:00002ef8       __vcrt_thread_detach       0000000180003ef8 f   libvcruntime:initialization.obj
 0001:00002f0c       __vcrt_uninitialize        0000000180003f0c f   libvcruntime:initialization.obj
 0001:00002f2c       __vcrt_uninitialize_critical 0000000180003f2c f   libvcruntime:initialization.obj
 0001:00002f50       memset_repmovs             0000000180003f50 f   libvcruntime:memset.obj
 0001:00002f70       memset                     0000000180003f70 f   libvcruntime:memset.obj
 0001:00003110       _NLG_Notify                0000000180004110 f   libvcruntime:notify.obj
 0001:00003130       __NLG_Dispatch2            0000000180004130 f   libvcruntime:notify.obj
 0001:00003140       __NLG_Return2              0000000180004140 f   libvcruntime:notify.obj
 0001:00003144       __except_validate_context_record 0000000180004144 f   libvcruntime:jbcxrval.obj
 0001:0000317c       __DestructExceptionObject  000000018000417c f   libvcruntime:ehhelpers.obj
 0001:000031f0       ?_CallMemberFunction0@@YAXQEAX0@Z 00000001800041f0 f i libvcruntime:ehhelpers.obj
 0001:000031f4       __vcrt_freefls             00000001800041f4 f   libvcruntime:per_thread_data.obj
 0001:00003214       __vcrt_freeptd             0000000180004214 f   libvcruntime:per_thread_data.obj
 0001:00003264       __vcrt_getptd_noexit       0000000180004264 f   libvcruntime:per_thread_data.obj
 0001:00003330       __vcrt_initialize_ptd      0000000180004330 f   libvcruntime:per_thread_data.obj
 0001:00003384       __vcrt_uninitialize_ptd    0000000180004384 f   libvcruntime:per_thread_data.obj
 0001:000033a8       __vcrt_initialize_locks    00000001800043a8 f   libvcruntime:locks.obj
 0001:000033f0       __vcrt_uninitialize_locks  00000001800043f0 f   libvcruntime:locks.obj
 0001:00003600       __vcrt_FlsAlloc            0000000180004600 f   libvcruntime:winapi_downlevel.obj
 0001:00003648       __vcrt_FlsFree             0000000180004648 f   libvcruntime:winapi_downlevel.obj
 0001:00003690       __vcrt_FlsGetValue         0000000180004690 f   libvcruntime:winapi_downlevel.obj
 0001:000036d8       __vcrt_FlsSetValue         00000001800046d8 f   libvcruntime:winapi_downlevel.obj
 0001:0000372c       __vcrt_InitializeCriticalSectionEx 000000018000472c f   libvcruntime:winapi_downlevel.obj
 0001:00003790       __vcrt_initialize_winapi_thunks 0000000180004790 f   libvcruntime:winapi_downlevel.obj
 0001:000037c0       __vcrt_uninitialize_winapi_thunks 00000001800047c0 f   libvcruntime:winapi_downlevel.obj
 0001:00003800       __vcrt_initialize_pure_virtual_call_handler 0000000180004800 f   libvcruntime:purevirt_data.obj
 0001:00003820       memcpy_repmovs             0000000180004820 f   libvcruntime:memcpy.obj
 0001:00003840       memcpy                     0000000180004840 f   libvcruntime:memcpy.obj
 0001:00003840       memmove                    0000000180004840 f   libvcruntime:memcpy.obj
 0001:00003c90       _CallSettingFrame          0000000180004c90 f   libvcruntime:handlers.obj
 0001:00003ce0       _CallSettingFrameEncoded   0000000180004ce0 f   libvcruntime:handlers.obj
 0001:00004440       ??$ftprintf@PEAU_iobuf@@PEB_WAEBQEB_WAEBQEB_WAEBI@?$__crt_char_traits@_W@@SAH$$QEAPEAU_iobuf@@$$QEAPEB_WAEBQEB_W2AEBI@Z 0000000180005440 f i libucrt:assert.obj
 0001:00004468       _wassert                   0000000180005468 f   libucrt:assert.obj
 0001:000044dc       fwprintf                   00000001800054dc f i libucrt:assert.obj
 0001:00004520       swprintf                   0000000180005520 f i libucrt:assert.obj
 0001:00004574       __acrt_call_reportfault    0000000180005574 f   libucrt:invalid_parameter.obj
 0001:000046d0       __acrt_initialize_invalid_parameter_handler 00000001800056d0 f   libucrt:invalid_parameter.obj
 0001:000046d8       _invalid_parameter         00000001800056d8 f   libucrt:invalid_parameter.obj
 0001:00004788       _invalid_parameter_noinfo  0000000180005788 f   libucrt:invalid_parameter.obj
 0001:000047a8       _invalid_parameter_noinfo_noreturn 00000001800057a8 f   libucrt:invalid_parameter.obj
 0001:000047d8       _invoke_watson             00000001800057d8 f   libucrt:invalid_parameter.obj
 0001:00004820       ??0_LocaleUpdate@@QEAA@QEAU__crt_locale_pointers@@@Z 0000000180005820 f i libucrt:stricmp.obj
 0001:000048bc       __ascii_stricmp            00000001800058bc f   libucrt:stricmp.obj
 0001:000048fc       _stricmp                   00000001800058fc f   libucrt:stricmp.obj
 0001:00004944       _stricmp_l                 0000000180005944 f   libucrt:stricmp.obj
 0001:000049f8       __acrt_initialize_new_handler 00000001800059f8 f   libucrt:new_handler.obj
 0001:00004a00       _callnewh                  0000000180005a00 f   libucrt:new_handler.obj
 0001:00004a30       _query_new_handler         0000000180005a30 f   libucrt:new_handler.obj
 0001:00004a64       malloc                     0000000180005a64 f   libucrt:malloc.obj
 0001:00004a6c       _initterm                  0000000180005a6c f   libucrt:initterm.obj
 0001:00004ad0       _initterm_e                0000000180005ad0 f   libucrt:initterm.obj
 0001:00004b10       free                       0000000180005b10 f   libucrt:free.obj
 0001:00004b24       _seh_filter_dll            0000000180005b24 f   libucrt:exception_filter.obj
 0001:00004b38       _seh_filter_exe            0000000180005b38 f   libucrt:exception_filter.obj
 0001:00004f28       __acrt_initialize_thread_local_exit_callback 0000000180005f28 f   libucrt:exit.obj
 0001:00004f30       _cexit                     0000000180005f30 f   libucrt:exit.obj
 0001:00004f40       _exit                      0000000180005f40 f   libucrt:exit.obj
 0001:00004f4c       _is_c_termination_complete 0000000180005f4c f   libucrt:exit.obj
 0001:00005118       __acrt_allocate_buffer_for_argv 0000000180006118 f   libucrt:argv_parsing.obj
 0001:00005178       _configure_narrow_argv     0000000180006178 f   libucrt:argv_parsing.obj
 0001:000054f0       __dcrt_uninitialize_environments_nolock 00000001800064f0 f   libucrt:environment_initialization.obj
 0001:00005528       _initialize_narrow_environment 0000000180006528 f   libucrt:environment_initialization.obj
 0001:00005684       _execute_onexit_table      0000000180006684 f   libucrt:onexit.obj
 0001:000056c0       _initialize_onexit_table   00000001800066c0 f   libucrt:onexit.obj
 0001:00005720       __acrt_uninitialize_command_line 0000000180006720 f   libucrt:argv_data.obj
 0001:00005818       __acrt_initialize          0000000180006818 f   libucrt:initialization.obj
 0001:0000582c       __acrt_thread_attach       000000018000682c f   libucrt:initialization.obj
 0001:00005840       __acrt_thread_detach       0000000180006840 f   libucrt:initialization.obj
 0001:00005850       __acrt_uninitialize        0000000180006850 f   libucrt:initialization.obj
 0001:00005888       __acrt_uninitialize_critical 0000000180006888 f   libucrt:initialization.obj
 0001:00005898       terminate                  0000000180006898 f   libucrt:terminate.obj
 0001:000058b8       strcpy_s                   00000001800068b8 f   libucrt:strcpy_s.obj
 0001:00005b2c       ??$ensure_buffer_is_big_enough@D@formatting_buffer@__crt_stdio_output@@QEAA_N_K@Z 0000000180006b2c f i libucrt:output.obj
 0001:00005bd4       ??$ensure_buffer_is_big_enough@_W@formatting_buffer@__crt_stdio_output@@QEAA_N_K@Z 0000000180006bd4 f i libucrt:output.obj
 0001:00005c80       ??$is_wide_character_specifier@_W@__crt_stdio_output@@YA_N_K_WW4length_modifier@0@@Z 0000000180006c80 f i libucrt:output.obj
 0001:00005cc0       ??$type_case_integer_parse_into_buffer@I@?$output_processor@_WV?$stream_output_adapter@_W@__crt_stdio_output@@V?$standard_base@_WV?$stream_output_adapter@_W@__crt_stdio_output@@@2@@__crt_stdio_output@@AEAAXII_N@Z 0000000180006cc0 f i libucrt:output.obj
 0001:00005cc0       ??$type_case_integer_parse_into_buffer@I@?$output_processor@_WV?$string_output_adapter@_W@__crt_stdio_output@@V?$standard_base@_WV?$string_output_adapter@_W@__crt_stdio_output@@@2@@__crt_stdio_output@@AEAAXII_N@Z 0000000180006cc0 f i libucrt:output.obj
 0001:00005d64       ??$type_case_integer_parse_into_buffer@_K@?$output_processor@_WV?$string_output_adapter@_W@__crt_stdio_output@@V?$standard_base@_WV?$string_output_adapter@_W@__crt_stdio_output@@@2@@__crt_stdio_output@@AEAAX_KI_N@Z 0000000180006d64 f i libucrt:output.obj
 0001:00005d64       ??$type_case_integer_parse_into_buffer@_K@?$output_processor@_WV?$stream_output_adapter@_W@__crt_stdio_output@@V?$standard_base@_WV?$stream_output_adapter@_W@__crt_stdio_output@@@2@@__crt_stdio_output@@AEAAX_KI_N@Z 0000000180006d64 f i libucrt:output.obj
 0001:00005e08       ??$write_multiple_characters@V?$stream_output_adapter@_W@__crt_stdio_output@@D@__crt_stdio_output@@YAXAEBV?$stream_output_adapter@_W@0@DHQEAH@Z 0000000180006e08 f i libucrt:output.obj
 0001:00005e9c       ??$write_multiple_characters@V?$string_output_adapter@_W@__crt_stdio_output@@D@__crt_stdio_output@@YAXAEBV?$string_output_adapter@_W@0@DHQEAH@Z 0000000180006e9c f i libucrt:output.obj
 0001:0000604c       ?crop_zeroes@__crt_stdio_output@@YAXPEADQEAU__crt_locale_pointers@@@Z 000000018000704c f i libucrt:output.obj
 0001:000060b8       ?force_decimal_point@__crt_stdio_output@@YAXPEADQEAU__crt_locale_pointers@@@Z 00000001800070b8 f i libucrt:output.obj
 0001:00006128       ?parse_int_from_format_string@?$output_processor@_WV?$string_output_adapter@_W@__crt_stdio_output@@V?$standard_base@_WV?$string_output_adapter@_W@__crt_stdio_output@@@2@@__crt_stdio_output@@AEAA_NQEAH@Z 0000000180007128 f i libucrt:output.obj
 0001:00006128       ?parse_int_from_format_string@?$output_processor@_WV?$stream_output_adapter@_W@__crt_stdio_output@@V?$standard_base@_WV?$stream_output_adapter@_W@__crt_stdio_output@@@2@@__crt_stdio_output@@AEAA_NQEAH@Z 0000000180007128 f i libucrt:output.obj
 0001:000061cc       ?process@?$output_processor@_WV?$stream_output_adapter@_W@__crt_stdio_output@@V?$standard_base@_WV?$stream_output_adapter@_W@__crt_stdio_output@@@2@@__crt_stdio_output@@QEAAHXZ 00000001800071cc f i libucrt:output.obj
 0001:00006438       ?process@?$output_processor@_WV?$string_output_adapter@_W@__crt_stdio_output@@V?$standard_base@_WV?$string_output_adapter@_W@__crt_stdio_output@@@2@@__crt_stdio_output@@QEAAHXZ 0000000180007438 f i libucrt:output.obj
 0001:000066b4       ?state_case_size@?$output_processor@_WV?$stream_output_adapter@_W@__crt_stdio_output@@V?$standard_base@_WV?$stream_output_adapter@_W@__crt_stdio_output@@@2@@__crt_stdio_output@@AEAA_NXZ 00000001800076b4 f i libucrt:output.obj
 0001:0000684c       ?state_case_size@?$output_processor@_WV?$string_output_adapter@_W@__crt_stdio_output@@V?$standard_base@_WV?$string_output_adapter@_W@__crt_stdio_output@@@2@@__crt_stdio_output@@AEAA_NXZ 000000018000784c f i libucrt:output.obj
 0001:000069e4       ?state_case_type@?$output_processor@_WV?$stream_output_adapter@_W@__crt_stdio_output@@V?$standard_base@_WV?$stream_output_adapter@_W@__crt_stdio_output@@@2@@__crt_stdio_output@@AEAA_NXZ 00000001800079e4 f i libucrt:output.obj
 0001:00006cc4       ?state_case_type@?$output_processor@_WV?$string_output_adapter@_W@__crt_stdio_output@@V?$standard_base@_WV?$string_output_adapter@_W@__crt_stdio_output@@@2@@__crt_stdio_output@@AEAA_NXZ 0000000180007cc4 f i libucrt:output.obj
 0001:00006f90       ?type_case_Z@?$output_processor@_WV?$string_output_adapter@_W@__crt_stdio_output@@V?$standard_base@_WV?$string_output_adapter@_W@__crt_stdio_output@@@2@@__crt_stdio_output@@AEAA_NXZ 0000000180007f90 f i libucrt:output.obj
 0001:00006f90       ?type_case_Z@?$output_processor@_WV?$stream_output_adapter@_W@__crt_stdio_output@@V?$standard_base@_WV?$stream_output_adapter@_W@__crt_stdio_output@@@2@@__crt_stdio_output@@AEAA_NXZ 0000000180007f90 f i libucrt:output.obj
 0001:0000700c       ?type_case_a@?$output_processor@_WV?$string_output_adapter@_W@__crt_stdio_output@@V?$standard_base@_WV?$string_output_adapter@_W@__crt_stdio_output@@@2@@__crt_stdio_output@@AEAA_NXZ 000000018000800c f i libucrt:output.obj
 0001:0000700c       ?type_case_a@?$output_processor@_WV?$stream_output_adapter@_W@__crt_stdio_output@@V?$standard_base@_WV?$stream_output_adapter@_W@__crt_stdio_output@@@2@@__crt_stdio_output@@AEAA_NXZ 000000018000800c f i libucrt:output.obj
 0001:000071ec       ?type_case_c_tchar@?$output_processor@_WV?$string_output_adapter@_W@__crt_stdio_output@@V?$standard_base@_WV?$string_output_adapter@_W@__crt_stdio_output@@@2@@__crt_stdio_output@@AEAA_N_W@Z 00000001800081ec f i libucrt:output.obj
 0001:000071ec       ?type_case_c_tchar@?$output_processor@_WV?$stream_output_adapter@_W@__crt_stdio_output@@V?$standard_base@_WV?$stream_output_adapter@_W@__crt_stdio_output@@@2@@__crt_stdio_output@@AEAA_N_W@Z 00000001800081ec f i libucrt:output.obj
 0001:00007294       ?type_case_integer@?$output_processor@_WV?$string_output_adapter@_W@__crt_stdio_output@@V?$standard_base@_WV?$string_output_adapter@_W@__crt_stdio_output@@@2@@__crt_stdio_output@@AEAA_NI_N@Z 0000000180008294 f i libucrt:output.obj
 0001:00007294       ?type_case_integer@?$output_processor@_WV?$stream_output_adapter@_W@__crt_stdio_output@@V?$standard_base@_WV?$stream_output_adapter@_W@__crt_stdio_output@@@2@@__crt_stdio_output@@AEAA_NI_N@Z 0000000180008294 f i libucrt:output.obj
 0001:00007460       ?type_case_n@?$output_processor@_WV?$string_output_adapter@_W@__crt_stdio_output@@V?$standard_base@_WV?$string_output_adapter@_W@__crt_stdio_output@@@2@@__crt_stdio_output@@AEAA_NXZ 0000000180008460 f i libucrt:output.obj
 0001:00007460       ?type_case_n@?$output_processor@_WV?$stream_output_adapter@_W@__crt_stdio_output@@V?$standard_base@_WV?$stream_output_adapter@_W@__crt_stdio_output@@@2@@__crt_stdio_output@@AEAA_NXZ 0000000180008460 f i libucrt:output.obj
 0001:0000753c       ?type_case_s@?$output_processor@_WV?$string_output_adapter@_W@__crt_stdio_output@@V?$standard_base@_WV?$string_output_adapter@_W@__crt_stdio_output@@@2@@__crt_stdio_output@@AEAA_NXZ 000000018000853c f i libucrt:output.obj
 0001:0000753c       ?type_case_s@?$output_processor@_WV?$stream_output_adapter@_W@__crt_stdio_output@@V?$standard_base@_WV?$stream_output_adapter@_W@__crt_stdio_output@@@2@@__crt_stdio_output@@AEAA_NXZ 000000018000853c f i libucrt:output.obj
 0001:00007604       ?write_stored_string_tchar@?$output_processor@_WV?$stream_output_adapter@_W@__crt_stdio_output@@V?$standard_base@_WV?$stream_output_adapter@_W@__crt_stdio_output@@@2@@__crt_stdio_output@@AEAA_N_W@Z 0000000180008604 f i libucrt:output.obj
 0001:0000770c       ?write_stored_string_tchar@?$output_processor@_WV?$string_output_adapter@_W@__crt_stdio_output@@V?$standard_base@_WV?$string_output_adapter@_W@__crt_stdio_output@@@2@@__crt_stdio_output@@AEAA_N_W@Z 000000018000870c f i libucrt:output.obj
 0001:000077f8       ?write_string@?$string_output_adapter@_W@__crt_stdio_output@@QEBAXQEB_WHQEAHAEAV__crt_deferred_errno_cache@@@Z 00000001800087f8 f i libucrt:output.obj
 0001:000078a0       ?write_string_impl@?$output_adapter_common@_WV?$stream_output_adapter@_W@__crt_stdio_output@@@__crt_stdio_output@@IEBAXQEB_WHQEAHAEAV__crt_deferred_errno_cache@@@Z 00000001800088a0 f i libucrt:output.obj
 0001:000079a4       __stdio_common_vfwprintf   00000001800089a4 f   libucrt:output.obj
 0001:00007a30       __stdio_common_vswprintf   0000000180008a30 f   libucrt:output.obj
 0001:00007a38       ??$parse_integer@KV?$c_string_character_source@_W@__crt_strtox@@@__crt_strtox@@YAKQEAU__crt_locale_pointers@@V?$c_string_character_source@_W@0@H_N@Z 0000000180008a38 f i libucrt:atox.obj
 0001:00008100       strncmp                    0000000180009100 f   libucrt:strncmp.obj
 0001:00008180       abort                      0000000180009180 f   libucrt:abort.obj
 0001:000081d8       calloc                     00000001800091d8 f   libucrt:calloc.obj
 0001:000081e0       wcsncmp                    00000001800091e0 f   libucrt:wcsncmp.obj
 0001:0000820c       _query_app_type            000000018000920c f   libucrt:report_runtime_error.obj
 0001:00008214       __acrt_errno_from_os_error 0000000180009214 f   libucrt:errno.obj
 0001:0000825c       __acrt_errno_map_os_error  000000018000925c f   libucrt:errno.obj
 0001:000082ac       __doserrno                 00000001800092ac f   libucrt:errno.obj
 0001:000082cc       _errno                     00000001800092cc f   libucrt:errno.obj
 0001:0000842c       _itow_s                    000000018000942c f   libucrt:xtoa.obj
 0001:0000844c       _set_error_mode            000000018000944c f   libucrt:set_error_mode.obj
 0001:0000848c       wcscat_s                   000000018000948c f   libucrt:wcscat_s.obj
 0001:0000850c       wcscpy_s                   000000018000950c f   libucrt:wcscpy_s.obj
 0001:00008574       wcsncat_s                  0000000180009574 f   libucrt:wcsncat_s.obj
 0001:00008674       ??$__acrt_wcs_to_mbs_cp@U__crt_win32_buffer_no_resizing@@@@YAHQEB_WAEAV?$__crt_win32_buffer@DU__crt_win32_buffer_no_resizing@@@@I@Z 0000000180009674 f i libucrt:getmodulefilenamea.obj
 0001:00008788       __acrt_GetModuleFileNameA  0000000180009788 f   libucrt:getmodulefilenamea.obj
 0001:000088a8       __acrt_show_wide_message_box 00000001800098a8 f   libucrt:crtmbox.obj
 0001:0000894c       __acrt_initialize_stdio    000000018000994c f   libucrt:_file.obj
 0001:00008a6c       __acrt_iob_func            0000000180009a6c f   libucrt:_file.obj
 0001:00008a80       __acrt_uninitialize_stdio  0000000180009a80 f   libucrt:_file.obj
 0001:00008adc       _lock_file                 0000000180009adc f   libucrt:_file.obj
 0001:00008ae8       _unlock_file               0000000180009ae8 f   libucrt:_file.obj
 0001:00008d10       __acrt_stdio_flush_nolock  0000000180009d10 f   libucrt:fflush.obj
 0001:00008d8c       _fflush_nolock             0000000180009d8c f   libucrt:fflush.obj
 0001:00008dd8       _flushall                  0000000180009dd8 f   libucrt:fflush.obj
 0001:00008de0       fflush                     0000000180009de0 f   libucrt:fflush.obj
 0001:00008f68       setvbuf                    0000000180009f68 f   libucrt:setvbuf.obj
 0001:0000904c       __acrt_get_sigabrt_handler 000000018000a04c f   libucrt:signal.obj
 0001:0000907c       __acrt_initialize_signal_handlers 000000018000a07c f   libucrt:signal.obj
 0001:0000909c       raise                      000000018000a09c f   libucrt:signal.obj
 0001:00009680       __acrt_freeptd             000000018000a680 f   libucrt:per_thread_data.obj
 0001:000096c4       __acrt_getptd              000000018000a6c4 f   libucrt:per_thread_data.obj
 0001:00009798       __acrt_getptd_head         000000018000a798 f   libucrt:per_thread_data.obj
 0001:00009840       __acrt_getptd_noexit       000000018000a840 f   libucrt:per_thread_data.obj
 0001:0000990c       __acrt_initialize_ptd      000000018000a90c f   libucrt:per_thread_data.obj
 0001:00009948       __acrt_uninitialize_ptd    000000018000a948 f   libucrt:per_thread_data.obj
 0001:000099cc       _tolower_l                 000000018000a9cc f   libucrt:tolower_toupper.obj
 0001:00009b0c       tolower                    000000018000ab0c f   libucrt:tolower_toupper.obj
 0001:00009b38       __acrt_update_locale_info  000000018000ab38 f   libucrt:locale_update.obj
 0001:00009b6c       __acrt_update_multibyte_info 000000018000ab6c f   libucrt:locale_update.obj
 0001:00009c10       __acrt_set_locale_changed  000000018000ac10 f   libucrt:wsetlocale.obj
 0001:00009c1c       __acrt_uninitialize_locale 000000018000ac1c f   libucrt:wsetlocale.obj
 0001:00009c4c       __acrt_initialize_locks    000000018000ac4c f   libucrt:locks.obj
 0001:00009c94       __acrt_lock                000000018000ac94 f   libucrt:locks.obj
 0001:00009cb0       __acrt_uninitialize_locks  000000018000acb0 f   libucrt:locks.obj
 0001:00009ce8       __acrt_unlock              000000018000ace8 f   libucrt:locks.obj
 0001:00009d04       _malloc_base               000000018000ad04 f   libucrt:malloc_base.obj
 0001:00009d64       _free_base                 000000018000ad64 f   libucrt:free_base.obj
 0001:00009da4       __acrt_get_developer_information_policy 000000018000ada4 f   libucrt:win_policies.obj
 0001:00009df8       __acrt_get_process_end_policy 000000018000adf8 f   libucrt:win_policies.obj
 0001:00009e34       __acrt_get_windowing_model_policy 000000018000ae34 f   libucrt:win_policies.obj
 0001:00009ea0       _calloc_base               000000018000aea0 f   libucrt:calloc_base.obj
 0001:00009f2c       ??$__acrt_mbs_to_wcs_cp@U__crt_win32_buffer_internal_dynamic_resizing@@@@YAHQEBDAEAV?$__crt_win32_buffer@_WU__crt_win32_buffer_internal_dynamic_resizing@@@@I@Z 000000018000af2c f i libucrt:argv_wildcards.obj
 0001:0000a0a4       ??$__acrt_wcs_to_mbs_cp@U__crt_win32_buffer_internal_dynamic_resizing@@@@YAHQEB_WAEAV?$__crt_win32_buffer@DU__crt_win32_buffer_internal_dynamic_resizing@@@@I@Z 000000018000b0a4 f i libucrt:argv_wildcards.obj
 0001:0000a8d4       __acrt_expand_narrow_argv_wildcards 000000018000b8d4 f   libucrt:argv_wildcards.obj
 0001:0000b008       __acrt_initialize_multibyte 000000018000c008 f   libucrt:mbctype.obj
 0001:0000b068       __acrt_update_thread_multibyte_data 000000018000c068 f   libucrt:mbctype.obj
 0001:0000b084       _setmbcp_nolock            000000018000c084 f   libucrt:mbctype.obj
 0001:0000b3b8       _ismbblead                 000000018000c3b8 f   libucrt:ismbbyte.obj
 0001:0000b3cc       __acrt_initialize_command_line 000000018000c3cc f   libucrt:argv_data.obj
 0001:0000b3f4       __acrt_MultiByteToWideChar 000000018000c3f4 f   libucrt:multibytetowidechar.obj
 0001:0000b450       __acrt_WideCharToMultiByte 000000018000c450 f   libucrt:widechartomultibyte.obj
 0001:0000b4e8       __dcrt_get_narrow_environment_from_os 000000018000c4e8 f   libucrt:get_environment_from_os.obj
 0001:0000b5ec       _recalloc_base             000000018000c5ec f   libucrt:recalloc.obj
 0001:0000b85c       __acrt_AppPolicyGetProcessTerminationMethodInternal 000000018000c85c f   libucrt:winapi_thunks.obj
 0001:0000b8ac       __acrt_AppPolicyGetShowDeveloperDiagnosticInternal 000000018000c8ac f   libucrt:winapi_thunks.obj
 0001:0000b8fc       __acrt_AppPolicyGetWindowingModelInternal 000000018000c8fc f   libucrt:winapi_thunks.obj
 0001:0000b94c       __acrt_AreFileApisANSI     000000018000c94c f   libucrt:winapi_thunks.obj
 0001:0000b988       __acrt_FlsAlloc            000000018000c988 f   libucrt:winapi_thunks.obj
 0001:0000b9d0       __acrt_FlsFree             000000018000c9d0 f   libucrt:winapi_thunks.obj
 0001:0000ba18       __acrt_FlsGetValue         000000018000ca18 f   libucrt:winapi_thunks.obj
 0001:0000ba60       __acrt_FlsSetValue         000000018000ca60 f   libucrt:winapi_thunks.obj
 0001:0000bab4       __acrt_InitializeCriticalSectionEx 000000018000cab4 f   libucrt:winapi_thunks.obj
 0001:0000bb18       __acrt_LCMapStringEx       000000018000cb18 f   libucrt:winapi_thunks.obj
 0001:0000bbf4       __acrt_LocaleNameToLCID    000000018000cbf4 f   libucrt:winapi_thunks.obj
 0001:0000bc44       __acrt_MessageBoxW         000000018000cc44 f   libucrt:winapi_thunks.obj
 0001:0000bcb8       __acrt_can_show_message_box 000000018000ccb8 f   libucrt:winapi_thunks.obj
 0001:0000bd28       __acrt_get_parent_window   000000018000cd28 f   libucrt:winapi_thunks.obj
 0001:0000bda0       __acrt_initialize_winapi_thunks 000000018000cda0 f   libucrt:winapi_thunks.obj
 0001:0000bdd4       __acrt_is_interactive      000000018000cdd4 f   libucrt:winapi_thunks.obj
 0001:0000be9c       __acrt_uninitialize_winapi_thunks 000000018000ce9c f   libucrt:winapi_thunks.obj
 0001:0000bee0       __acrt_initialize_heap     000000018000cee0 f   libucrt:heap_handle.obj
 0001:0000befc       __acrt_uninitialize_heap   000000018000cefc f   libucrt:heap_handle.obj
 0001:0000c104       __acrt_initialize_lowio    000000018000d104 f   libucrt:ioinit.obj
 0001:0000c140       __acrt_uninitialize_lowio  000000018000d140 f   libucrt:ioinit.obj
 0001:0000c180       __acrt_execute_initializers 000000018000d180 f   libucrt:shared_initialization.obj
 0001:0000c200       __acrt_execute_uninitializers 000000018000d200 f   libucrt:shared_initialization.obj
 0001:0000c23c       __acrt_has_user_matherr    000000018000d23c f   libucrt:matherr.obj
 0001:0000c25c       __acrt_initialize_user_matherr 000000018000d25c f   libucrt:matherr.obj
 0001:0000c264       __acrt_invoke_user_matherr 000000018000d264 f   libucrt:matherr.obj
 0001:0000c294       __acrt_stdio_begin_temporary_buffering_nolock 000000018000d294 f   libucrt:_sftbuf.obj
 0001:0000c364       __acrt_stdio_end_temporary_buffering_nolock 000000018000d364 f   libucrt:_sftbuf.obj
 0001:0000c3a0       isdigit                    000000018000d3a0 f i libucrt:_ctype.obj
 0001:0000c434       wcstol                     000000018000d434 f   libucrt:strtox.obj
 0001:0000c460       _mbtowc_l                  000000018000d460 f   libucrt:mbtowc.obj
 0001:0000c5dc       mbtowc                     000000018000d5dc f   libucrt:mbtowc.obj
 0001:0000c5e4       _wctomb_s_l                000000018000d5e4 f   libucrt:wctomb.obj
 0001:0000c784       wctomb_s                   000000018000d784 f   libucrt:wctomb.obj
 0001:0000c798       wcsnlen                    000000018000d798 f   libucrt:strnlen.obj
 0001:0000d344       __acrt_fp_format           000000018000e344 f   libucrt:cvt.obj
 0001:0000d5cc       _fputwc_nolock             000000018000e5cc f   libucrt:fputwc.obj
 0001:0000d748       _fileno                    000000018000e748 f   libucrt:fileno.obj
 0001:0000d770       _fputc_nolock              000000018000e770 f   libucrt:fputc.obj
 0001:0000d788       _get_printf_count_output   000000018000e788 f   libucrt:printf_count_output.obj
 0001:0000d7a0       __pctype_func              000000018000e7a0 f   libucrt:ctype.obj
 0001:0000d7d0       iswctype                   000000018000e7d0 f   libucrt:iswctype.obj
 0001:0000d840       _isctype_l                 000000018000e840 f   libucrt:isctype.obj
 0001:0000d950       _fcloseall                 000000018000e950 f   libucrt:closeall.obj
 0001:0000da04       __acrt_stdio_free_buffer_nolock 000000018000ea04 f   libucrt:_freebuf.obj
 0001:0000dad0       _commit                    000000018000ead0 f   libucrt:commit.obj
 0001:0000e3d0       _write                     000000018000f3d0 f   libucrt:write.obj
 0001:0000e4bc       _write_nolock              000000018000f4bc f   libucrt:write.obj
 0001:0000e798       __acrt_add_locale_ref      000000018000f798 f   libucrt:locale_refcounting.obj
 0001:0000e824       __acrt_free_locale         000000018000f824 f   libucrt:locale_refcounting.obj
 0001:0000e99c       __acrt_locale_add_lc_time_reference 000000018000f99c f   libucrt:locale_refcounting.obj
 0001:0000e9c4       __acrt_locale_free_lc_time_if_unreferenced 000000018000f9c4 f   libucrt:locale_refcounting.obj
 0001:0000e9fc       __acrt_locale_release_lc_time_reference 000000018000f9fc f   libucrt:locale_refcounting.obj
 0001:0000ea24       __acrt_release_locale_ref  000000018000fa24 f   libucrt:locale_refcounting.obj
 0001:0000eacc       __acrt_update_thread_locale_data 000000018000facc f   libucrt:locale_refcounting.obj
 0001:0000eb3c       _updatetlocinfoEx_nolock   000000018000fb3c f   libucrt:locale_refcounting.obj
 0001:0000eba4       _isleadbyte_l              000000018000fba4 f i libucrt:_wctype.obj
 0001:0000ef08       __acrt_LCMapStringA        000000018000ff08 f   libucrt:lcmapstringa.obj
 0001:0000efa0       __acrt_locale_free_monetary 000000018000ffa0 f   libucrt:initmon.obj
 0001:0000f0ac       __acrt_locale_free_numeric 00000001800100ac f   libucrt:initnum.obj
 0001:0000f170       __acrt_locale_free_time    0000000180010170 f   libucrt:inittime.obj
 0001:0000f278       __acrt_GetStringTypeA      0000000180010278 f   libucrt:getstringtypea.obj
 0001:0000f408       _query_new_mode            0000000180010408 f   libucrt:new_mode.obj
 0001:0000f410       qsort                      0000000180010410 f   libucrt:qsort.obj
 0001:0000f7d0       strncpy_s                  00000001800107d0 f   libucrt:strncpy_s.obj
 0001:0000f950       strpbrk                    0000000180010950 f   libucrt:strpbrk.obj
 0001:0000fd30       _mbsdec                    0000000180010d30 f   libucrt:mbsdec.obj
 0001:0000fd38       _mbsdec_l                  0000000180010d38 f   libucrt:mbsdec.obj
 0001:0000fde4       _msize_base                0000000180010de4 f   libucrt:msize.obj
 0001:0000fe20       _realloc_base              0000000180010e20 f   libucrt:realloc_base.obj
 0001:0000ff84       __acrt_DownlevelLocaleNameToLCID 0000000180010f84 f   libucrt:lcidtoname_downlevel.obj
 0001:0000ffb8       __acrt_lowio_create_handle_array 0000000180010fb8 f   libucrt:osfinfo.obj
 0001:00010060       __acrt_lowio_destroy_handle_array 0000000180011060 f   libucrt:osfinfo.obj
 0001:000100b0       __acrt_lowio_ensure_fh_exists 00000001800110b0 f   libucrt:osfinfo.obj
 0001:00010158       __acrt_lowio_lock_fh       0000000180011158 f   libucrt:osfinfo.obj
 0001:00010180       __acrt_lowio_unlock_fh     0000000180011180 f   libucrt:osfinfo.obj
 0001:000101a8       _free_osfhnd               00000001800111a8 f   libucrt:osfinfo.obj
 0001:00010264       _get_osfhandle             0000000180011264 f   libucrt:osfinfo.obj
 0001:000102dc       _isatty                    00000001800112dc f   libucrt:isatty.obj
 0001:0001033c       ?__mbrtowc_utf8@__crt_mbstring@@YA_KPEA_WPEBD_KPEAU_Mbstatet@@@Z 000000018001133c f   libucrt:mbrtowc.obj
 0001:00010378       ?__mbsrtowcs_utf8@__crt_mbstring@@YA_KPEA_WPEAPEBD_KPEAU_Mbstatet@@@Z 0000000180011378 f   libucrt:mbrtowc.obj
 0001:000104f0       ?__c32rtomb_utf8@__crt_mbstring@@YA_KPEAD_UPEAU_Mbstatet@@@Z 00000001800114f0 f   libucrt:c32rtomb.obj
 0001:000105a8       __acrt_fp_strflt_to_string 00000001800115a8 f   libucrt:_fptostr.obj
 0001:00010690       ?divide@__crt_strtox@@YA_KAEAUbig_integer@1@AEBU21@@Z 0000000180011690 f i libucrt:cfout.obj
 0001:00010abc       __acrt_fltout              0000000180011abc f   libucrt:cfout.obj
 0001:00011fbc       __acrt_stdio_flush_and_write_narrow_nolock 0000000180012fbc f   libucrt:_flsbuf.obj
 0001:000120a8       __acrt_stdio_flush_and_write_wide_nolock 00000001800130a8 f   libucrt:_flsbuf.obj
 0001:00012194       __acrt_GetStringTypeW      0000000180013194 f   libucrt:getstringtypew.obj
 0001:0001219c       _fclose_nolock             000000018001319c f   libucrt:fclose.obj
 0001:00012220       fclose                     0000000180013220 f   libucrt:fclose.obj
 0001:00012410       _lseeki64                  0000000180013410 f   libucrt:lseek.obj
 0001:00012418       _lseeki64_nolock           0000000180013418 f   libucrt:lseek.obj
 0001:00012420       _putwch_nolock             0000000180013420 f   libucrt:putwch.obj
 0001:0001245c       __strncnt                  000000018001345c f   libucrt:strncnt.obj
 0001:00012474       ?__mbrtoc32_utf8@__crt_mbstring@@YA_KPEA_UPEBD_KPEAU_Mbstatet@@@Z 0000000180013474 f   libucrt:mbrtoc32.obj
 0001:00012650       fegetenv                   0000000180013650 f   libucrt:fegetenv.obj
 0001:00012670       fesetenv                   0000000180013670 f   libucrt:fesetenv.obj
 0001:000126c0       feholdexcept               00000001800136c0 f   libucrt:feholdexcept.obj
 0001:00012710       ceil                       0000000180013710 f   libucrt:ceil.obj
 0001:000127e0       log10                      00000001800137e0 f   libucrt:log10.obj
 0001:00012d8c       __acrt_stdio_allocate_buffer_nolock 0000000180013d8c f   libucrt:_getbuf.obj
 0001:00012e68       _close                     0000000180013e68 f   libucrt:close.obj
 0001:00012f0c       _close_nolock              0000000180013f0c f   libucrt:close.obj
 0001:00012fcc       ?__acrt_stdio_free_stream@@YAXV__crt_stdio_stream@@@Z 0000000180013fcc f   libucrt:stream.obj
 0001:00012fe8       __dcrt_lowio_ensure_console_output_initialized 0000000180013fe8 f   libucrt:initcon.obj
 0001:0001303c       __dcrt_terminate_console_output 000000018001403c f   libucrt:initcon.obj
 0001:00013058       __dcrt_write_console       0000000180014058 f   libucrt:initcon.obj
 0001:00013118       __acrt_fenv_get_control    0000000180014118 f   libucrt:_fenvutils.obj
 0001:0001320c       __acrt_fenv_get_status     000000018001420c f   libucrt:_fenvutils.obj
 0001:00013260       __acrt_fenv_set_control    0000000180014260 f   libucrt:_fenvutils.obj
 0001:000133a8       __acrt_fenv_set_status     00000001800143a8 f   libucrt:_fenvutils.obj
 0001:0001342c       _clearfp                   000000018001442c f   libucrt:ieee.obj
 0001:000135c0       _handle_error              00000001800145c0 f   libucrt:libm_error.obj
 0001:000136e8       _handle_nan                00000001800146e8 f   libucrt:libm_error.obj
 0001:00013710       __acrt_initialize_fma3     0000000180014710 f   libucrt:fma3_available.obj
 0001:00013780       _log10_special             0000000180014780 f   libucrt:log_special.obj
 0001:00013850       _get_fpsr                  0000000180014850 f   libucrt:fpsr.obj
 0001:00013860       _set_fpsr                  0000000180014860 f   libucrt:fpsr.obj
 0001:0001386a       _fclrf                     000000018001486a f   libucrt:fpsr.obj
 0001:0001387e       _frnd                      000000018001487e f   libucrt:fpsr.obj
 0001:000138a0       _raise_exc                 00000001800148a0 f   libucrt:fpexcept.obj
 0001:000138c8       _raise_exc_ex              00000001800148c8 f   libucrt:fpexcept.obj
 0001:00013bd8       _set_errno_from_matherr    0000000180014bd8 f   libucrt:fpexcept.obj
 0001:00013c08       _clrfp                     0000000180014c08 f   libucrt:fpctrl.obj
 0001:00013c28       _ctrlfp                    0000000180014c28 f   libucrt:fpctrl.obj
 0001:00013ca4       _set_statfp                0000000180014ca4 f   libucrt:fpctrl.obj
 0001:00013cc4       _statfp                    0000000180014cc4 f   libucrt:fpctrl.obj
 0001:00013cd5       IsProcessorFeaturePresent  0000000180014cd5 f   kernel32:KERNEL32.dll
 0001:00013cdc       ?DloadAcquireSectionWriteAccess@@YAXXZ 0000000180014cdc f i DelayImp:delayhlp.obj
 0001:00013d88       ?DloadGetSRWLockFunctionPointers@@YAEXZ 0000000180014d88 f i DelayImp:delayhlp.obj
 0001:00013e24       ?DloadMakePermanentImageCommit@@YAXPEAX_K@Z 0000000180014e24 f i DelayImp:delayhlp.obj
 0001:00013ebc       ?DloadObtainSection@@YAPEAXPEAK0@Z 0000000180014ebc f i DelayImp:delayhlp.obj
 0001:00013f58       ?DloadProtectSection@@YAXKPEAK@Z 0000000180014f58 f i DelayImp:delayhlp.obj
 0001:00013fe8       ?DloadReleaseSectionWriteAccess@@YAXXZ 0000000180014fe8 f i DelayImp:delayhlp.obj
 0001:0001407c       __delayLoadHelper2         000000018001507c f   DelayImp:delayhlp.obj
 0001:00014340       _FindPESection             0000000180015340 f   LIBCMT:pesect.obj
 0001:00014390       _IsNonwritableInCurrentImage 0000000180015390 f   LIBCMT:pesect.obj
 0001:000143e0       _ValidateImageBase         00000001800153e0 f   LIBCMT:pesect.obj
 0001:00014410       __GSHandlerCheck           0000000180015410 f   LIBCMT:gshandler.obj
 0001:00014430       __GSHandlerCheckCommon     0000000180015430 f   LIBCMT:gshandler.obj
 0001:000144a0       _alloca_probe              00000001800154a0 f   LIBCMT:chkstk.obj
 0001:000144a0       __chkstk                   00000001800154a0 f   LIBCMT:chkstk.obj
 0001:00014510       memcmp                     0000000180015510 f   libvcruntime:memcmp.obj
 0001:000145d8       strrchr                    00000001800155d8 f   libvcruntime:strrchr.obj
 0001:00014740       _guard_dispatch_icall_nop  0000000180015740 f   LIBCMT:guard_dispatch.obj
 0002:00000000       __imp_GetModuleHandleA     0000000180016000     kernel32:KERNEL32.dll
 0002:00000008       __imp_LoadLibraryExA       0000000180016008     kernel32:KERNEL32.dll
 0002:00000010       __imp_RtlCaptureContext    0000000180016010     kernel32:KERNEL32.dll
 0002:00000018       __imp_RtlLookupFunctionEntry 0000000180016018     kernel32:KERNEL32.dll
 0002:00000020       __imp_RtlVirtualUnwind     0000000180016020     kernel32:KERNEL32.dll
 0002:00000028       __imp_UnhandledExceptionFilter 0000000180016028     kernel32:KERNEL32.dll
 0002:00000030       __imp_SetUnhandledExceptionFilter 0000000180016030     kernel32:KERNEL32.dll
 0002:00000038       __imp_GetCurrentProcess    0000000180016038     kernel32:KERNEL32.dll
 0002:00000040       __imp_TerminateProcess     0000000180016040     kernel32:KERNEL32.dll
 0002:00000048       __imp_IsProcessorFeaturePresent 0000000180016048     kernel32:KERNEL32.dll
 0002:00000050       __imp_QueryPerformanceCounter 0000000180016050     kernel32:KERNEL32.dll
 0002:00000058       __imp_GetCurrentProcessId  0000000180016058     kernel32:KERNEL32.dll
 0002:00000060       __imp_GetCurrentThreadId   0000000180016060     kernel32:KERNEL32.dll
 0002:00000068       __imp_GetSystemTimeAsFileTime 0000000180016068     kernel32:KERNEL32.dll
 0002:00000070       __imp_InitializeSListHead  0000000180016070     kernel32:KERNEL32.dll
 0002:00000078       __imp_IsDebuggerPresent    0000000180016078     kernel32:KERNEL32.dll
 0002:00000080       __imp_GetStartupInfoW      0000000180016080     kernel32:KERNEL32.dll
 0002:00000088       __imp_GetModuleHandleW     0000000180016088     kernel32:KERNEL32.dll
 0002:00000090       __imp_RtlPcToFileHeader    0000000180016090     kernel32:KERNEL32.dll
 0002:00000098       __imp_RaiseException       0000000180016098     kernel32:KERNEL32.dll
 0002:000000a0       __imp_RtlUnwindEx          00000001800160a0     kernel32:KERNEL32.dll
 0002:000000a8       __imp_InterlockedFlushSList 00000001800160a8     kernel32:KERNEL32.dll
 0002:000000b0       __imp_GetLastError         00000001800160b0     kernel32:KERNEL32.dll
 0002:000000b8       __imp_SetLastError         00000001800160b8     kernel32:KERNEL32.dll
 0002:000000c0       __imp_EnterCriticalSection 00000001800160c0     kernel32:KERNEL32.dll
 0002:000000c8       __imp_LeaveCriticalSection 00000001800160c8     kernel32:KERNEL32.dll
 0002:000000d0       __imp_DeleteCriticalSection 00000001800160d0     kernel32:KERNEL32.dll
 0002:000000d8       __imp_InitializeCriticalSectionAndSpinCount 00000001800160d8     kernel32:KERNEL32.dll
 0002:000000e0       __imp_TlsAlloc             00000001800160e0     kernel32:KERNEL32.dll
 0002:000000e8       __imp_TlsGetValue          00000001800160e8     kernel32:KERNEL32.dll
 0002:000000f0       __imp_TlsSetValue          00000001800160f0     kernel32:KERNEL32.dll
 0002:000000f8       __imp_TlsFree              00000001800160f8     kernel32:KERNEL32.dll
 0002:00000100       __imp_FreeLibrary          0000000180016100     kernel32:KERNEL32.dll
 0002:00000108       __imp_GetProcAddress       0000000180016108     kernel32:KERNEL32.dll
 0002:00000110       __imp_LoadLibraryExW       0000000180016110     kernel32:KERNEL32.dll
 0002:00000118       __imp_GetStdHandle         0000000180016118     kernel32:KERNEL32.dll
 0002:00000120       __imp_GetFileType          0000000180016120     kernel32:KERNEL32.dll
 0002:00000128       __imp_GetModuleFileNameW   0000000180016128     kernel32:KERNEL32.dll
 0002:00000130       __imp_GetModuleHandleExW   0000000180016130     kernel32:KERNEL32.dll
 0002:00000138       __imp_WriteConsoleW        0000000180016138     kernel32:KERNEL32.dll
 0002:00000140       __imp_ExitProcess          0000000180016140     kernel32:KERNEL32.dll
 0002:00000148       __imp_WriteFile            0000000180016148     kernel32:KERNEL32.dll
 0002:00000150       __imp_OutputDebugStringW   0000000180016150     kernel32:KERNEL32.dll
 0002:00000158       __imp_HeapAlloc            0000000180016158     kernel32:KERNEL32.dll
 0002:00000160       __imp_HeapFree             0000000180016160     kernel32:KERNEL32.dll
 0002:00000168       __imp_FindClose            0000000180016168     kernel32:KERNEL32.dll
 0002:00000170       __imp_FindFirstFileExW     0000000180016170     kernel32:KERNEL32.dll
 0002:00000178       __imp_FindNextFileW        0000000180016178     kernel32:KERNEL32.dll
 0002:00000180       __imp_IsValidCodePage      0000000180016180     kernel32:KERNEL32.dll
 0002:00000188       __imp_GetACP               0000000180016188     kernel32:KERNEL32.dll
 0002:00000190       __imp_GetOEMCP             0000000180016190     kernel32:KERNEL32.dll
 0002:00000198       __imp_GetCPInfo            0000000180016198     kernel32:KERNEL32.dll
 0002:000001a0       __imp_GetCommandLineA      00000001800161a0     kernel32:KERNEL32.dll
 0002:000001a8       __imp_GetCommandLineW      00000001800161a8     kernel32:KERNEL32.dll
 0002:000001b0       __imp_MultiByteToWideChar  00000001800161b0     kernel32:KERNEL32.dll
 0002:000001b8       __imp_WideCharToMultiByte  00000001800161b8     kernel32:KERNEL32.dll
 0002:000001c0       __imp_GetEnvironmentStringsW 00000001800161c0     kernel32:KERNEL32.dll
 0002:000001c8       __imp_FreeEnvironmentStringsW 00000001800161c8     kernel32:KERNEL32.dll
 0002:000001d0       __imp_LCMapStringW         00000001800161d0     kernel32:KERNEL32.dll
 0002:000001d8       __imp_GetProcessHeap       00000001800161d8     kernel32:KERNEL32.dll
 0002:000001e0       __imp_FlushFileBuffers     00000001800161e0     kernel32:KERNEL32.dll
 0002:000001e8       __imp_GetConsoleCP         00000001800161e8     kernel32:KERNEL32.dll
 0002:000001f0       __imp_GetConsoleMode       00000001800161f0     kernel32:KERNEL32.dll
 0002:000001f8       __imp_GetStringTypeW       00000001800161f8     kernel32:KERNEL32.dll
 0002:00000200       __imp_HeapSize             0000000180016200     kernel32:KERNEL32.dll
 0002:00000208       __imp_HeapReAlloc          0000000180016208     kernel32:KERNEL32.dll
 0002:00000210       __imp_SetStdHandle         0000000180016210     kernel32:KERNEL32.dll
 0002:00000218       __imp_GetFileSizeEx        0000000180016218     kernel32:KERNEL32.dll
 0002:00000220       __imp_SetFilePointerEx     0000000180016220     kernel32:KERNEL32.dll
 0002:00000228       __imp_CloseHandle          0000000180016228     kernel32:KERNEL32.dll
 0002:00000230       __imp_CreateFileW          0000000180016230     kernel32:KERNEL32.dll
 0002:00000238       __imp_GetSystemInfo        0000000180016238     kernel32:KERNEL32.dll
 0002:00000240       __imp_VirtualProtect       0000000180016240     kernel32:KERNEL32.dll
 0002:00000248       __imp_VirtualQuery         0000000180016248     kernel32:KERNEL32.dll
 0002:00000250       \177KERNEL32_NULL_THUNK_DATA 0000000180016250     kernel32:KERNEL32.dll
 0002:00000258       __guard_check_icall_fptr   0000000180016258     LIBCMT:guard_support.obj
 0002:00000260       __guard_dispatch_icall_fptr 0000000180016260     LIBCMT:guard_support.obj
 0002:00000268       __xc_a                     0000000180016268     LIBCMT:initializers.obj
 0002:00000270       _register_addon_           0000000180016270     node.obj
 0002:00000278       __xc_z                     0000000180016278     LIBCMT:initializers.obj
 0002:00000280       __xi_a                     0000000180016280     LIBCMT:initializers.obj
 0002:00000288       __acrt_stdio_initializer   0000000180016288     libucrt:stdio_initializer.obj
 0002:00000290       __acrt_multibyte_initializer 0000000180016290     libucrt:multibyte_initializer.obj
 0002:00000298       __acrt_tran_fma3_initializer 0000000180016298     libucrt:fma3_initializer.obj
 0002:000002a0       __xi_z                     00000001800162a0     LIBCMT:initializers.obj
 0002:000002a8       __xp_a                     00000001800162a8     LIBCMT:initializers.obj
 0002:000002b0       __acrt_locale_terminator   00000001800162b0     libucrt:locale_initializer.obj
 0002:000002b8       __dcrt_console_output_terminator 00000001800162b8     libucrt:console_output_initializer.obj
 0002:000002c0       __acrt_stdio_terminator    00000001800162c0     libucrt:stdio_initializer.obj
 0002:000002c8       __xp_z                     00000001800162c8     LIBCMT:initializers.obj
 0002:000002d0       __xt_a                     00000001800162d0     LIBCMT:initializers.obj
 0002:000002d8       __xt_z                     00000001800162d8     LIBCMT:initializers.obj
 0002:000002e0       __sz_node_exe              00000001800162e0     node:node.exe
 0002:000002f8       ??_7exception@std@@6B@     00000001800162f8     libcpmt:xthrow.obj
 0002:00000308       ??_C@_0BC@EOODALEL@Unknown?5exception@ 0000000180016308     libcpmt:xthrow.obj
 0002:00000328       ??_7bad_alloc@std@@6B@     0000000180016328     libcpmt:xthrow.obj
 0002:00000338       ??_C@_0P@GHFPNOJB@bad?5allocation@ 0000000180016338     libcpmt:xthrow.obj
 0002:00000350       ??_7logic_error@std@@6B@   0000000180016350     libcpmt:xthrow.obj
 0002:00000368       ??_7length_error@std@@6B@  0000000180016368     libcpmt:xthrow.obj
 0002:00000378       _pRawDllMain               0000000180016378     LIBCMT:dll_dllmain.obj
 0002:00000378       _pDefaultRawDllMain        0000000180016378     LIBCMT:dll_dllmain.obj
 0002:00000388       ??_7type_info@@6B@         0000000180016388     LIBCMT:std_type_info_static.obj
 0002:000003a8       ??_7bad_array_new_length@std@@6B@ 00000001800163a8     LIBCMT:throw_bad_alloc.obj
 0002:000003b8       ??_C@_0BF@KINCDENJ@bad?5array?5new?5length@ 00000001800163b8     LIBCMT:throw_bad_alloc.obj
 0002:00000410       _pDestructExceptionObject  0000000180016410     libvcruntime:ehhelpers.obj
 0002:00000758       ??_C@_08EHJDFFNH@__based?$CI@ 0000000180016758     libvcruntime:undname.obj
 0002:00000768       ??_C@_07KOLFKCDI@__cdecl@  0000000180016768     libvcruntime:undname.obj
 0002:00000770       ??_C@_08GHMPAG@__pascal@   0000000180016770     libvcruntime:undname.obj
 0002:00000780       ??_C@_09IFJBGAPI@__stdcall@ 0000000180016780     libvcruntime:undname.obj
 0002:00000790       ??_C@_0L@NPHFGOKO@__thiscall@ 0000000180016790     libvcruntime:undname.obj
 0002:000007a0       ??_C@_0L@JMKHOMEK@__fastcall@ 00000001800167a0     libvcruntime:undname.obj
 0002:000007b0       ??_C@_0N@BCKKPABJ@__vectorcall@ 00000001800167b0     libvcruntime:undname.obj
 0002:000007c0       ??_C@_09HIJEGCPM@__clrcall@ 00000001800167c0     libvcruntime:undname.obj
 0002:000007cc       ??_C@_06GHPCKEAG@__eabi@   00000001800167cc     libvcruntime:undname.obj
 0002:000007d8       ??_C@_09IOPIDJLG@__swift_1@ 00000001800167d8     libvcruntime:undname.obj
 0002:000007e8       ??_C@_09KFNFGKHF@__swift_2@ 00000001800167e8     libvcruntime:undname.obj
 0002:000007f8       ??_C@_07JOMMBBKO@__ptr64@  00000001800167f8     libvcruntime:undname.obj
 0002:00000800       ??_C@_0L@PILCLIHE@__restrict@ 0000000180016800     libvcruntime:undname.obj
 0002:00000810       ??_C@_0M@GFIIJFMG@__unaligned@ 0000000180016810     libvcruntime:undname.obj
 0002:00000820       ??_C@_09DHDLOLLB@restrict?$CI@ 0000000180016820     libvcruntime:undname.obj
 0002:0000082c       ??_C@_04NIHEBCM@?5new@     000000018001682c     libvcruntime:undname.obj
 0002:00000838       ??_C@_07FPCDHGMM@?5delete@ 0000000180016838     libvcruntime:undname.obj
 0002:00000840       ??_C@_01NEMOKFLO@?$DN@     0000000180016840     libvcruntime:undname.obj
 0002:00000844       ??_C@_02GPIOPFAK@?$DO?$DO@ 0000000180016844     libvcruntime:undname.obj
 0002:00000848       ??_C@_02FODMEDOG@?$DM?$DM@ 0000000180016848     libvcruntime:undname.obj
 0002:0000084c       ??_C@_01DCLJPIOD@?$CB@     000000018001684c     libvcruntime:undname.obj
 0002:00000850       ??_C@_02EGOFBIJA@?$DN?$DN@ 0000000180016850     libvcruntime:undname.obj
 0002:00000854       ??_C@_02FDNJECIE@?$CB?$DN@ 0000000180016854     libvcruntime:undname.obj
 0002:00000858       ??_C@_02GPECMEKF@?$FL?$FN@ 0000000180016858     libvcruntime:undname.obj
 0002:00000860       ??_C@_08LHJFAFGD@operator@ 0000000180016860     libvcruntime:undname.obj
 0002:0000086c       ??_C@_02HBOOOICD@?9?$DO@   000000018001686c     libvcruntime:undname.obj
 0002:00000870       ??_C@_01NBENCBCI@?$CK@     0000000180016870     libvcruntime:undname.obj
 0002:00000874       ??_C@_02ECNGHCIF@?$CL?$CL@ 0000000180016874     libvcruntime:undname.obj
 0002:00000878       ??_C@_02BAABKJLB@?9?9@     0000000180016878     libvcruntime:undname.obj
 0002:0000087c       ??_C@_01JOAMLHOP@?9@       000000018001687c     libvcruntime:undname.obj
 0002:00000880       ??_C@_01MIFGBAGJ@?$CL@     0000000180016880     libvcruntime:undname.obj
 0002:00000884       ??_C@_01HNPIGOCE@?$CG@     0000000180016884     libvcruntime:undname.obj
 0002:00000888       ??_C@_03MNHNFDLC@?9?$DO?$CK@ 0000000180016888     libvcruntime:undname.obj
 0002:0000088c       ??_C@_01KMDKNFGN@?1@       000000018001688c     libvcruntime:undname.obj
 0002:00000890       ??_C@_01FGNFDNOH@?$CF@     0000000180016890     libvcruntime:undname.obj
 0002:00000894       ??_C@_01MNNFJEPP@?$DM@     0000000180016894     libvcruntime:undname.obj
 0002:00000898       ??_C@_02EHCHHCKH@?$DM?$DN@ 0000000180016898     libvcruntime:undname.obj
 0002:0000089c       ??_C@_01PPODPGHN@?$DO@     000000018001689c     libvcruntime:undname.obj
 0002:000008a0       ??_C@_02EEKDKGMJ@?$DO?$DN@ 00000001800168a0     libvcruntime:undname.obj
 0002:000008a4       ??_C@_01IHBHIGKO@?0@       00000001800168a4     libvcruntime:undname.obj
 0002:000008a8       ??_C@_02HCKGKOFO@?$CI?$CJ@ 00000001800168a8     libvcruntime:undname.obj
 0002:000008ac       ??_C@_01PJKLJHI@?$HO@      00000001800168ac     libvcruntime:undname.obj
 0002:000008b0       ??_C@_01JKBOJNNK@?$FO@     00000001800168b0     libvcruntime:undname.obj
 0002:000008b4       ??_C@_01DNKMNLPK@?$HM@     00000001800168b4     libvcruntime:undname.obj
 0002:000008b8       ??_C@_02PPKAJPJL@?$CG?$CG@ 00000001800168b8     libvcruntime:undname.obj
 0002:000008bc       ??_C@_02NONPIBCD@?$HM?$HM@ 00000001800168bc     libvcruntime:undname.obj
 0002:000008c0       ??_C@_02FPIMKNGF@?$CK?$DN@ 00000001800168c0     libvcruntime:undname.obj
 0002:000008c4       ??_C@_02FOEOMHFC@?$CL?$DN@ 00000001800168c4     libvcruntime:undname.obj
 0002:000008c8       ??_C@_02FKMDLLOA@?9?$DN@   00000001800168c8     libvcruntime:undname.obj
 0002:000008cc       ??_C@_02FJEHGPIO@?1?$DN@   00000001800168cc     libvcruntime:undname.obj
 0002:000008d0       ??_C@_02FENAOKFI@?$CF?$DN@ 00000001800168d0     libvcruntime:undname.obj
 0002:000008d4       ??_C@_03IKFCCPFF@?$DO?$DO?$DN@ 00000001800168d4     libvcruntime:undname.obj
 0002:000008d8       ??_C@_03CDNPDDLA@?$DM?$DM?$DN@ 00000001800168d8     libvcruntime:undname.obj
 0002:000008dc       ??_C@_02FGJGFEAB@?$CG?$DN@ 00000001800168dc     libvcruntime:undname.obj
 0002:000008e0       ??_C@_02DHLNPPGH@?$HM?$DN@ 00000001800168e0     libvcruntime:undname.obj
 0002:000008e4       ??_C@_02MHEGNOJ@?$FO?$DN@  00000001800168e4     libvcruntime:undname.obj
 0002:000008e8       ??_C@_09IFPLHPGF@?$GAvftable?8@ 00000001800168e8     libvcruntime:undname.obj
 0002:000008f8       ??_C@_09BLBHBJP@?$GAvbtable?8@ 00000001800168f8     libvcruntime:undname.obj
 0002:00000908       ??_C@_07FEEIOKP@?$GAvcall?8@ 0000000180016908     libvcruntime:undname.obj
 0002:00000910       ??_C@_08LLFFHHDJ@?$GAtypeof?8@ 0000000180016910     libvcruntime:undname.obj
 0002:00000920       ??_C@_0BF@KDPPACIK@?$GAlocal?5static?5guard?8@ 0000000180016920     libvcruntime:undname.obj
 0002:00000938       ??_C@_08OBABFOLI@?$GAstring?8@ 0000000180016938     libvcruntime:undname.obj
 0002:00000948       ??_C@_0BD@JDLKDPAB@?$GAvbase?5destructor?8@ 0000000180016948     libvcruntime:undname.obj
 0002:00000960       ??_C@_0BN@DEGPLNFK@?$GAvector?5deleting?5destructor?8@ 0000000180016960     libvcruntime:undname.obj
 0002:00000980       ??_C@_0BO@OBMKPJIG@?$GAdefault?5constructor?5closure?8@ 0000000180016980     libvcruntime:undname.obj
 0002:000009a0       ??_C@_0BN@IMDCHIKM@?$GAscalar?5deleting?5destructor?8@ 00000001800169a0     libvcruntime:undname.obj
 0002:000009c0       ??_C@_0BO@PFGOCPJJ@?$GAvector?5constructor?5iterator?8@ 00000001800169c0     libvcruntime:undname.obj
 0002:000009e0       ??_C@_0BN@LFPFMEDL@?$GAvector?5destructor?5iterator?8@ 00000001800169e0     libvcruntime:undname.obj
 0002:00000a00       ??_C@_0CE@IKBNEHA@?$GAvector?5vbase?5constructor?5itera@ 0000000180016a00     libvcruntime:undname.obj
 0002:00000a28       ??_C@_0BL@NILFHHPC@?$GAvirtual?5displacement?5map?8@ 0000000180016a28     libvcruntime:undname.obj
 0002:00000a48       ??_C@_0CB@JONCMFFK@?$GAeh?5vector?5constructor?5iterator@ 0000000180016a48     libvcruntime:undname.obj
 0002:00000a70       ??_C@_0CA@GCEOPDGL@?$GAeh?5vector?5destructor?5iterator?8@ 0000000180016a70     libvcruntime:undname.obj
 0002:00000a90       ??_C@_0CH@OOJPLCPH@?$GAeh?5vector?5vbase?5constructor?5it@ 0000000180016a90     libvcruntime:undname.obj
 0002:00000ab8       ??_C@_0BL@LLKPOHJI@?$GAcopy?5constructor?5closure?8@ 0000000180016ab8     libvcruntime:undname.obj
 0002:00000ad8       ??_C@_0BA@KBCDOMBN@?$GAudt?5returning?8@ 0000000180016ad8     libvcruntime:undname.obj
 0002:00000ae8       ??_C@_03KLGMFNMG@?$GAEH@   0000000180016ae8     libvcruntime:undname.obj
 0002:00000aec       ??_C@_05KHLCHHI@?$GARTTI@  0000000180016aec     libvcruntime:undname.obj
 0002:00000af8       ??_C@_0BA@KKLDJDLB@?$GAlocal?5vftable?8@ 0000000180016af8     libvcruntime:undname.obj
 0002:00000b08       ??_C@_0CE@IIHCMGGL@?$GAlocal?5vftable?5constructor?5clos@ 0000000180016b08     libvcruntime:undname.obj
 0002:00000b2c       ??_C@_06FHBGPFGH@?5new?$FL?$FN@ 0000000180016b2c     libvcruntime:undname.obj
 0002:00000b38       ??_C@_09LBNFPBCA@?5delete?$FL?$FN@ 0000000180016b38     libvcruntime:undname.obj
 0002:00000b48       ??_C@_0P@HJKNJFNN@?$GAomni?5callsig?8@ 0000000180016b48     libvcruntime:undname.obj
 0002:00000b58       ??_C@_0BL@CNOONJFP@?$GAplacement?5delete?5closure?8@ 0000000180016b58     libvcruntime:undname.obj
 0002:00000b78       ??_C@_0BN@CKNJLHMB@?$GAplacement?5delete?$FL?$FN?5closure?8@ 0000000180016b78     libvcruntime:undname.obj
 0002:00000b98       ??_C@_0CG@CFDHKGGD@?$GAmanaged?5vector?5constructor?5ite@ 0000000180016b98     libvcruntime:undname.obj
 0002:00000bc0       ??_C@_0CF@IMGKMJNO@?$GAmanaged?5vector?5destructor?5iter@ 0000000180016bc0     libvcruntime:undname.obj
 0002:00000be8       ??_C@_0CG@HLDDJMAG@?$GAeh?5vector?5copy?5constructor?5ite@ 0000000180016be8     libvcruntime:undname.obj
 0002:00000c10       ??_C@_0CM@FCBBDIGB@?$GAeh?5vector?5vbase?5copy?5construct@ 0000000180016c10     libvcruntime:undname.obj
 0002:00000c40       ??_C@_0BL@CLIPGLGB@?$GAdynamic?5initializer?5for?5?8@ 0000000180016c40     libvcruntime:undname.obj
 0002:00000c60       ??_C@_0CB@PDBIFEP@?$GAdynamic?5atexit?5destructor?5for?5@ 0000000180016c60     libvcruntime:undname.obj
 0002:00000c88       ??_C@_0CD@CGAJBKEJ@?$GAvector?5copy?5constructor?5iterat@ 0000000180016c88     libvcruntime:undname.obj
 0002:00000cb0       ??_C@_0CJ@GJELGAMM@?$GAvector?5vbase?5copy?5constructor?5@ 0000000180016cb0     libvcruntime:undname.obj
 0002:00000ce0       ??_C@_0CL@FGIJHLCE@?$GAmanaged?5vector?5copy?5constructo@ 0000000180016ce0     libvcruntime:undname.obj
 0002:00000d10       ??_C@_0BM@PMGGMLDN@?$GAlocal?5static?5thread?5guard?8@ 0000000180016d10     libvcruntime:undname.obj
 0002:00000d30       ??_C@_0N@BDNMDMOL@operator?5?$CC?$CC?5@ 0000000180016d30     libvcruntime:undname.obj
 0002:00000d40       ??_C@_0BC@GGEBGALA@operator?5co_await@ 0000000180016d40     libvcruntime:undname.obj
 0002:00000d58       ??_C@_0BC@DAFEJGAK@?5Type?5Descriptor?8@ 0000000180016d58     libvcruntime:undname.obj
 0002:00000d70       ??_C@_0BM@LDKODKLH@?5Base?5Class?5Descriptor?5at?5?$CI@ 0000000180016d70     libvcruntime:undname.obj
 0002:00000d90       ??_C@_0BD@LGICGFMM@?5Base?5Class?5Array?8@ 0000000180016d90     libvcruntime:undname.obj
 0002:00000da8       ??_C@_0BN@MECKDCOJ@?5Class?5Hierarchy?5Descriptor?8@ 0000000180016da8     libvcruntime:undname.obj
 0002:00000dc8       ??_C@_0BK@CFCOFLF@?5Complete?5Object?5Locator?8@ 0000000180016dc8     libvcruntime:undname.obj
 0002:00000e00       ??_C@_1DM@KHCHBNEB@?$AAa?$AAp?$AAi?$AA?9?$AAm?$AAs?$AA?9?$AAw?$AAi?$AAn?$AA?9?$AAc?$AAo?$AAr?$AAe@ 0000000180016e00     libvcruntime:winapi_downlevel.obj
 0002:00000e40       ??_C@_1DK@LPPGFMPP@?$AAa?$AAp?$AAi?$AA?9?$AAm?$AAs?$AA?9?$AAw?$AAi?$AAn?$AA?9?$AAc?$AAo?$AAr?$AAe@ 0000000180016e40     libvcruntime:winapi_downlevel.obj
 0002:00000e80       ??_C@_1BC@GDMECMAK@?$AAk?$AAe?$AAr?$AAn?$AAe?$AAl?$AA3?$AA2@ 0000000180016e80     libvcruntime:winapi_downlevel.obj
 0002:00000e98       ??_C@_1BA@PFFKHIOG@?$AAa?$AAp?$AAi?$AA?9?$AAm?$AAs?$AA?9@ 0000000180016e98     libvcruntime:winapi_downlevel.obj
 0002:00000ea8       ??_C@_1BA@IAIFMGEF@?$AAe?$AAx?$AAt?$AA?9?$AAm?$AAs?$AA?9@ 0000000180016ea8     libvcruntime:winapi_downlevel.obj
 0002:00000ec0       ??_C@_08KNHFBNJ@FlsAlloc@  0000000180016ec0     libvcruntime:winapi_downlevel.obj
 0002:00000ed8       ??_C@_07PEJMOBNF@FlsFree@  0000000180016ed8     libvcruntime:winapi_downlevel.obj
 0002:00000ee8       ??_C@_0M@GDNOONDI@FlsGetValue@ 0000000180016ee8     libvcruntime:winapi_downlevel.obj
 0002:00000f00       ??_C@_0M@JCPCPOEF@FlsSetValue@ 0000000180016f00     libvcruntime:winapi_downlevel.obj
 0002:00000f18       ??_C@_0BM@HCFOFFN@InitializeCriticalSectionEx@ 0000000180016f18     libvcruntime:winapi_downlevel.obj
 0002:00000f40       ??_C@_1FE@LHBLIKM@?$AAA?$AAs?$AAs?$AAe?$AAr?$AAt?$AAi?$AAo?$AAn?$AA?5?$AAf?$AAa?$AAi?$AAl?$AAe?$AAd?$AA?3?$AA?5?$AA?$CF?$AAT?$AAs?$AA?0?$AA?5?$AAf?$AAi?$AAl?$AAe?$AA?5?$AA?$CF?$AAT?$AAs?$AA?0@ 0000000180016f40     libucrt:assert.obj
 0002:00000fa0       ??_C@_1EK@MBDPDCGA@?$AAM?$AAi?$AAc?$AAr?$AAo?$AAs?$AAo?$AAf?$AAt?$AA?5?$AAV?$AAi?$AAs?$AAu?$AAa?$AAl?$AA?5?$AAC?$AA?$CL?$AA?$CL?$AA?5?$AAR?$AAu?$AAn?$AAt?$AAi?$AAm?$AAe?$AA?5?$AAL?$AAi?$AAb@ 0000000180016fa0     libucrt:assert.obj
 0002:00000ff0       ??_C@_1CE@OJBNHDMO@?$AAA?$AAs?$AAs?$AAe?$AAr?$AAt?$AAi?$AAo?$AAn?$AA?5?$AAf?$AAa?$AAi?$AAl?$AAe?$AAd?$AA?$CB?$AA?$AA@ 0000000180016ff0     libucrt:assert.obj
 0002:00001018       ??_C@_1BE@PHKBBGE@?$AAP?$AAr?$AAo?$AAg?$AAr?$AAa?$AAm?$AA?3?$AA?5?$AA?$AA@ 0000000180017018     libucrt:assert.obj
 0002:00001030       ??_C@_1O@HEMHKNDC@?$AAF?$AAi?$AAl?$AAe?$AA?3?$AA?5?$AA?$AA@ 0000000180017030     libucrt:assert.obj
 0002:00001040       ??_C@_1O@KCAFKHJE@?$AAL?$AAi?$AAn?$AAe?$AA?3?$AA?5?$AA?$AA@ 0000000180017040     libucrt:assert.obj
 0002:00001050       ??_C@_1BK@PEDCIPMA@?$AAE?$AAx?$AAp?$AAr?$AAe?$AAs?$AAs?$AAi?$AAo?$AAn?$AA?3?$AA?5?$AA?$AA@ 0000000180017050     libucrt:assert.obj
 0002:00001070       ??_C@_1OA@EGMLFBHJ@?$AAF?$AAo?$AAr?$AA?5?$AAi?$AAn?$AAf?$AAo?$AAr?$AAm?$AAa?$AAt?$AAi?$AAo?$AAn?$AA?5?$AAo?$AAn?$AA?5?$AAh?$AAo?$AAw?$AA?5?$AAy?$AAo?$AAu?$AAr?$AA?5?$AAp?$AAr?$AAo?$AAg@ 0000000180017070     libucrt:assert.obj
 0002:00001150       ??_C@_1HK@POCJMFGK@?$AA?$CI?$AAP?$AAr?$AAe?$AAs?$AAs?$AA?5?$AAR?$AAe?$AAt?$AAr?$AAy?$AA?5?$AAt?$AAo?$AA?5?$AAd?$AAe?$AAb?$AAu?$AAg?$AA?5?$AAt?$AAh?$AAe?$AA?5?$AAa?$AAp?$AAp?$AAl?$AAi?$AAc@ 0000000180017150     libucrt:assert.obj
 0002:000011d0       ??_C@_17LGKOMLJ@?$AA?4?$AA?4?$AA?4?$AA?$AA@ 00000001800171d0     libucrt:assert.obj
 0002:000011d8       ??_C@_13LBAGMAIH@?$AA?6?$AA?$AA@ 00000001800171d8     libucrt:assert.obj
 0002:000011dc       ??_C@_15IABLJNFO@?$AA?6?$AA?6?$AA?$AA@ 00000001800171dc     libucrt:assert.obj
 0002:000011e8       ??_C@_1CO@EAEJAADC@?$AA?$DM?$AAp?$AAr?$AAo?$AAg?$AAr?$AAa?$AAm?$AA?5?$AAn?$AAa?$AAm?$AAe?$AA?5?$AAu?$AAn?$AAk?$AAn?$AAo?$AAw?$AAn?$AA?$DO?$AA?$AA@ 00000001800171e8     libucrt:assert.obj
 0002:00001220       __acrt_exception_action_table 0000000180017220     libucrt:exception_filter.obj
 0002:000012e0       __acrt_signal_action_table_count 00000001800172e0     libucrt:exception_filter.obj
 0002:000012e8       __acrt_signal_action_first_fpe_index 00000001800172e8     libucrt:exception_filter.obj
 0002:000012f0       __acrt_signal_action_fpe_count 00000001800172f0     libucrt:exception_filter.obj
 0002:000012f8       ??_C@_1BI@BGOHAHKC@?$AAm?$AAs?$AAc?$AAo?$AAr?$AAe?$AAe?$AA?4?$AAd?$AAl?$AAl?$AA?$AA@ 00000001800172f8     libucrt:exit.obj
 0002:00001310       ??_C@_0P@MIGLKIOC@CorExitProcess?$AA@ 0000000180017310     libucrt:exit.obj
 0002:00001420       standard_lookup_table      0000000180017420     libucrt:output.obj
 0002:00001480       ??_C@_1O@CEDCILHN@?$AA?$CI?$AAn?$AAu?$AAl?$AAl?$AA?$CJ?$AA?$AA@ 0000000180017480     libucrt:output.obj
 0002:00001490       ??_C@_06OJHGLDPL@?$CInull?$CJ?$AA@ 0000000180017490     libucrt:output.obj
 0002:00001610       __lc_time_c                0000000180017610     libucrt:nlsdata.obj
 0002:000018d0       ??_C@_03KOEHGMDN@Sun?$AA@  00000001800178d0     libucrt:nlsdata.obj
 0002:000018d4       ??_C@_03PDAGKDH@Mon?$AA@   00000001800178d4     libucrt:nlsdata.obj
 0002:000018d8       ??_C@_03NAGEINEP@Tue?$AA@  00000001800178d8     libucrt:nlsdata.obj
 0002:000018dc       ??_C@_03MHOMLAJA@Wed?$AA@  00000001800178dc     libucrt:nlsdata.obj
 0002:000018e0       ??_C@_03IOFIKPDN@Thu?$AA@  00000001800178e0     libucrt:nlsdata.obj
 0002:000018e4       ??_C@_03IDIOELNC@Fri?$AA@  00000001800178e4     libucrt:nlsdata.obj
 0002:000018e8       ??_C@_03FEFJNEK@Sat?$AA@   00000001800178e8     libucrt:nlsdata.obj
 0002:000018ec       ??_C@_06OOPIFAJ@Sunday?$AA@ 00000001800178ec     libucrt:nlsdata.obj
 0002:000018f4       ??_C@_06JLEDEDGH@Monday?$AA@ 00000001800178f4     libucrt:nlsdata.obj
 0002:00001900       ??_C@_07BAAGCFCM@Tuesday?$AA@ 0000000180017900     libucrt:nlsdata.obj
 0002:00001908       ??_C@_09DLIGFAKA@Wednesday?$AA@ 0000000180017908     libucrt:nlsdata.obj
 0002:00001918       ??_C@_08HACCIKIA@Thursday?$AA@ 0000000180017918     libucrt:nlsdata.obj
 0002:00001924       ??_C@_06JECMNKMI@Friday?$AA@ 0000000180017924     libucrt:nlsdata.obj
 0002:00001930       ??_C@_08INBOOONO@Saturday?$AA@ 0000000180017930     libucrt:nlsdata.obj
 0002:0000193c       ??_C@_03JIHJHPIE@Jan?$AA@  000000018001793c     libucrt:nlsdata.obj
 0002:00001940       ??_C@_03HJBDCHOM@Feb?$AA@  0000000180017940     libucrt:nlsdata.obj
 0002:00001944       ??_C@_03ODNJBKGA@Mar?$AA@  0000000180017944     libucrt:nlsdata.obj
 0002:00001948       ??_C@_03LEOLGMJP@Apr?$AA@  0000000180017948     libucrt:nlsdata.obj
 0002:0000194c       ??_C@_03CNMDKL@May?$AA@    000000018001794c     libucrt:nlsdata.obj
 0002:00001950       ??_C@_03IDFGHECI@Jun?$AA@  0000000180017950     libucrt:nlsdata.obj
 0002:00001954       ??_C@_03LBGABGKK@Jul?$AA@  0000000180017954     libucrt:nlsdata.obj
 0002:00001958       ??_C@_03IFJFEIGA@Aug?$AA@  0000000180017958     libucrt:nlsdata.obj
 0002:0000195c       ??_C@_03GGCAPAJC@Sep?$AA@  000000018001795c     libucrt:nlsdata.obj
 0002:00001960       ??_C@_03BMAOKBAD@Oct?$AA@  0000000180017960     libucrt:nlsdata.obj
 0002:00001964       ??_C@_03JPJOFNIA@Nov?$AA@  0000000180017964     libucrt:nlsdata.obj
 0002:00001968       ??_C@_03MKABNOCG@Dec?$AA@  0000000180017968     libucrt:nlsdata.obj
 0002:00001970       ??_C@_07CGJPFGJA@January?$AA@ 0000000180017970     libucrt:nlsdata.obj
 0002:00001978       ??_C@_08GNJGEPFN@February?$AA@ 0000000180017978     libucrt:nlsdata.obj
 0002:00001984       ??_C@_05HPCKOFNC@March?$AA@ 0000000180017984     libucrt:nlsdata.obj
 0002:0000198c       ??_C@_05DMJDNLEJ@April?$AA@ 000000018001798c     libucrt:nlsdata.obj
 0002:00001994       ??_C@_04CNLMGBGM@June?$AA@ 0000000180017994     libucrt:nlsdata.obj
 0002:0000199c       ??_C@_04MIEPOIFP@July?$AA@ 000000018001799c     libucrt:nlsdata.obj
 0002:000019a4       ??_C@_06LBBHFDDG@August?$AA@ 00000001800179a4     libucrt:nlsdata.obj
 0002:000019b0       ??_C@_09BHHEALKD@September?$AA@ 00000001800179b0     libucrt:nlsdata.obj
 0002:000019c0       ??_C@_07JJNFCEND@October?$AA@ 00000001800179c0     libucrt:nlsdata.obj
 0002:000019c8       ??_C@_08HCHEGEOA@November?$AA@ 00000001800179c8     libucrt:nlsdata.obj
 0002:000019d8       ??_C@_08EDHMEBNP@December?$AA@ 00000001800179d8     libucrt:nlsdata.obj
 0002:000019e4       ??_C@_02DEDBPAFC@AM?$AA@   00000001800179e4     libucrt:nlsdata.obj
 0002:000019e8       ??_C@_02CJNFDJBF@PM?$AA@   00000001800179e8     libucrt:nlsdata.obj
 0002:000019f0       ??_C@_08BPBNCDIB@MM?1dd?1yy?$AA@ 00000001800179f0     libucrt:nlsdata.obj
 0002:00001a00       ??_C@_0BE@CKGJFCPC@dddd?0?5MMMM?5dd?0?5yyyy?$AA@ 0000000180017a00     libucrt:nlsdata.obj
 0002:00001a18       ??_C@_08JCCMCCIL@HH?3mm?3ss?$AA@ 0000000180017a18     libucrt:nlsdata.obj
 0002:00001a28       ??_C@_17MBGCMIPB@?$AAS?$AAu?$AAn?$AA?$AA@ 0000000180017a28     libucrt:nlsdata.obj
 0002:00001a30       ??_C@_17KBOMKBF@?$AAM?$AAo?$AAn?$AA?$AA@ 0000000180017a30     libucrt:nlsdata.obj
 0002:00001a38       ??_C@_17BMKGEGOJ@?$AAT?$AAu?$AAe?$AA?$AA@ 0000000180017a38     libucrt:nlsdata.obj
 0002:00001a40       ??_C@_17CJEDCEPE@?$AAW?$AAe?$AAd?$AA?$AA@ 0000000180017a40     libucrt:nlsdata.obj
 0002:00001a48       ??_C@_17PDPHAADD@?$AAT?$AAh?$AAu?$AA?$AA@ 0000000180017a48     libucrt:nlsdata.obj
 0002:00001a50       ??_C@_17HFOLPPLP@?$AAF?$AAr?$AAi?$AA?$AA@ 0000000180017a50     libucrt:nlsdata.obj
 0002:00001a58       ??_C@_17GGIBDPIH@?$AAS?$AAa?$AAt?$AA?$AA@ 0000000180017a58     libucrt:nlsdata.obj
[...]
 0004:00000e58       $pdata$?fp_format_g@@YAHQEBNQEAD_K12H_NIQEAU__crt_locale_pointers@@@Z 0000000180023e58     libucrt:cvt.obj
 0004:00000e64       $pdata$?fp_format_nan_or_infinity@@YAHW4__acrt_fp_class@@_NPEAD_K1@Z 0000000180023e64     libucrt:cvt.obj
 0004:00000e70       $pdata$__acrt_fp_format    0000000180023e70     libucrt:cvt.obj
 0004:00000e7c       $pdata$_fputwc_nolock      0000000180023e7c     libucrt:fputwc.obj
 0004:00000e88       $pdata$_fileno             0000000180023e88     libucrt:fileno.obj
 0004:00000e94       $pdata$__pctype_func       0000000180023e94     libucrt:ctype.obj
 0004:00000ea0       $pdata$iswctype            0000000180023ea0     libucrt:iswctype.obj
 0004:00000eac       $pdata$_isctype_l          0000000180023eac     libucrt:isctype.obj
 0004:00000eb8       $pdata$_fcloseall          0000000180023eb8     libucrt:closeall.obj
 0004:00000ec4       $pdata$__acrt_stdio_free_buffer_nolock 0000000180023ec4     libucrt:_freebuf.obj
 0004:00000ed0       $pdata$??$?RV<lambda_a37b2b86f63e897a80ea819b0eb08c01>@@AEAV<lambda_38ce7e780aa69e748d6df282ebc68efe>@@V<lambda_99fb1378e971ab6e7edea83e3a7a83a2>@@@?$__crt_seh_guarded_call@H@@QEAAH$$QEAV<lambda_a37b2b86f63e897a80ea819b0eb08c01>@@AEAV<lambda_38ce7e780aa69e748d6df282ebc68efe>@@$$QEAV<lambda_99fb1378e971ab6e7edea83e3a7a83a2>@@@Z 0000000180023ed0     libucrt:commit.obj
 0004:00000edc       $pdata$_commit             0000000180023edc     libucrt:commit.obj
 0004:00000ee8       $pdata$?write_double_translated_ansi_nolock@@YA?AUwrite_result@?A0x17268360@@HQEBDI@Z 0000000180023ee8     libucrt:write.obj
 0004:00000ef4       $pdata$?write_text_ansi_nolock@@YA?AUwrite_result@?A0x17268360@@HQEBDI@Z 0000000180023ef4     libucrt:write.obj
 0004:00000f00       $pdata$?write_text_utf16le_nolock@@YA?AUwrite_result@?A0x17268360@@HQEBDI@Z 0000000180023f00     libucrt:write.obj
 0004:00000f0c       $pdata$?write_text_utf8_nolock@@YA?AUwrite_result@?A0x17268360@@HQEBDI@Z 0000000180023f0c     libucrt:write.obj
 0004:00000f18       $pdata$_write              0000000180023f18     libucrt:write.obj
 0004:00000f24       $pdata$_write_nolock       0000000180023f24     libucrt:write.obj
 0004:00000f30       $pdata$__acrt_free_locale  0000000180023f30     libucrt:locale_refcounting.obj
 0004:00000f3c       $pdata$__acrt_locale_free_lc_time_if_unreferenced 0000000180023f3c     libucrt:locale_refcounting.obj
 0004:00000f48       $pdata$__acrt_release_locale_ref 0000000180023f48     libucrt:locale_refcounting.obj
 0004:00000f54       $pdata$__acrt_update_thread_locale_data 0000000180023f54     libucrt:locale_refcounting.obj
 0004:00000f60       $pdata$_updatetlocinfoEx_nolock 0000000180023f60     libucrt:locale_refcounting.obj
 0004:00000f6c       $pdata$_isleadbyte_l       0000000180023f6c     libucrt:_wctype.obj
 0004:00000f78       $pdata$?__acrt_LCMapStringA_stat@@YAHPEAU__crt_locale_pointers@@PEB_WKPEBDHPEADHHH@Z 0000000180023f78     libucrt:lcmapstringa.obj
 0004:00000f84       $pdata$__acrt_LCMapStringA 0000000180023f84     libucrt:lcmapstringa.obj
 0004:00000f90       $pdata$__acrt_locale_free_monetary 0000000180023f90     libucrt:initmon.obj
 0004:00000f9c       $pdata$__acrt_locale_free_numeric 0000000180023f9c     libucrt:initnum.obj
 0004:00000fa8       $pdata$?free_crt_array_internal@@YAXQEAPEBX_K@Z 0000000180023fa8     libucrt:inittime.obj
 0004:00000fb4       $pdata$__acrt_locale_free_time 0000000180023fb4     libucrt:inittime.obj
 0004:00000fc0       $pdata$__acrt_GetStringTypeA 0000000180023fc0     libucrt:getstringtypea.obj
 0004:00000fcc       $pdata$qsort               0000000180023fcc     libucrt:qsort.obj
 0004:00000fd8       $pdata$4$qsort             0000000180023fd8     libucrt:qsort.obj
 0004:00000fe4       $pdata$5$qsort             0000000180023fe4     libucrt:qsort.obj
 0004:00000ff0       $pdata$strncpy_s           0000000180023ff0     libucrt:strncpy_s.obj
 0004:00000ffc       $pdata$fallbackMethod      0000000180023ffc     libucrt:strpbrk.obj
 0004:00001008       $pdata$strpbrk             0000000180024008     libucrt:strpbrk.obj
 0004:00001014       $pdata$_mbsdec_l           0000000180024014     libucrt:mbsdec.obj
 0004:00001020       $pdata$?initialize_multibyte@@YAHXZ 0000000180024020     libucrt:multibyte_initializer.obj
 0004:0000102c       $pdata$_msize_base         000000018002402c     libucrt:msize.obj
 0004:00001038       $pdata$_realloc_base       0000000180024038     libucrt:realloc_base.obj
 0004:00001044       $pdata$?GetTableIndexFromLocaleName@@YAHPEB_W@Z 0000000180024044     libucrt:lcidtoname_downlevel.obj
 0004:00001050       $pdata$__acrt_DownlevelLocaleNameToLCID 0000000180024050     libucrt:lcidtoname_downlevel.obj
 0004:0000105c       $pdata$__acrt_lowio_create_handle_array 000000018002405c     libucrt:osfinfo.obj
 0004:00001068       $pdata$__acrt_lowio_destroy_handle_array 0000000180024068     libucrt:osfinfo.obj
 0004:00001074       $pdata$__acrt_lowio_ensure_fh_exists 0000000180024074     libucrt:osfinfo.obj
 0004:00001080       $pdata$_free_osfhnd        0000000180024080     libucrt:osfinfo.obj
 0004:0000108c       $pdata$_get_osfhandle      000000018002408c     libucrt:osfinfo.obj
 0004:00001098       $pdata$_isatty             0000000180024098     libucrt:isatty.obj
 0004:000010a4       $pdata$?__mbrtowc_utf8@__crt_mbstring@@YA_KPEA_WPEBD_KPEAU_Mbstatet@@@Z 00000001800240a4     libucrt:mbrtowc.obj
 0004:000010b0       $pdata$?__mbsrtowcs_utf8@__crt_mbstring@@YA_KPEA_WPEAPEBD_KPEAU_Mbstatet@@@Z 00000001800240b0     libucrt:mbrtowc.obj
 0004:000010bc       $pdata$?__c32rtomb_utf8@__crt_mbstring@@YA_KPEAD_UPEAU_Mbstatet@@@Z 00000001800240bc     libucrt:c32rtomb.obj
 0004:000010c8       $pdata$__acrt_fp_strflt_to_string 00000001800240c8     libucrt:_fptostr.obj
 0004:000010d4       $pdata$?divide@__crt_strtox@@YA_KAEAUbig_integer@1@AEBU21@@Z 00000001800240d4     libucrt:cfout.obj
 0004:000010e0       $pdata$0$?divide@__crt_strtox@@YA_KAEAUbig_integer@1@AEBU21@@Z 00000001800240e0     libucrt:cfout.obj
 0004:000010ec       $pdata$1$?divide@__crt_strtox@@YA_KAEAUbig_integer@1@AEBU21@@Z 00000001800240ec     libucrt:cfout.obj
 0004:000010f8       $pdata$__acrt_fltout       00000001800240f8     libucrt:cfout.obj
 0004:00001104       $pdata$memcpy_s            0000000180024104     libucrt:cfout.obj
 0004:00001110       $pdata$??$write_buffer_nolock@D@@YA_NDV__crt_stdio_stream@@@Z 0000000180024110     libucrt:_flsbuf.obj
 0004:0000111c       $pdata$??$write_buffer_nolock@_W@@YA_N_WV__crt_stdio_stream@@@Z 000000018002411c     libucrt:_flsbuf.obj
 0004:00001128       $pdata$?stream_is_at_end_of_file_nolock@@YA_NV__crt_stdio_stream@@@Z 0000000180024128     libucrt:_flsbuf.obj
 0004:00001134       $pdata$__acrt_stdio_flush_and_write_narrow_nolock 0000000180024134     libucrt:_flsbuf.obj
 0004:00001140       $pdata$__acrt_stdio_flush_and_write_wide_nolock 0000000180024140     libucrt:_flsbuf.obj
 0004:0000114c       $pdata$_fclose_nolock      000000018002414c     libucrt:fclose.obj
 0004:00001158       $pdata$fclose              0000000180024158     libucrt:fclose.obj
 0004:00001164       $pdata$??$common_lseek@_J@@YA_JH_JH@Z 0000000180024164     libucrt:lseek.obj
 0004:00001170       $pdata$??$common_lseek_nolock@_J@@YA_JH_JH@Z 0000000180024170     libucrt:lseek.obj
 0004:0000117c       $pdata$_putwch_nolock      000000018002417c     libucrt:putwch.obj
 0004:00001188       $pdata$?__mbrtoc32_utf8@__crt_mbstring@@YA_KPEA_UPEBD_KPEAU_Mbstatet@@@Z 0000000180024188     libucrt:mbrtoc32.obj
 0004:00001194       $pdata$fegetenv            0000000180024194     libucrt:fegetenv.obj
 0004:000011a0       $pdata$fesetenv            00000001800241a0     libucrt:fesetenv.obj
 0004:000011ac       $pdata$feholdexcept        00000001800241ac     libucrt:feholdexcept.obj
 0004:000011c4       $pdata$__acrt_stdio_allocate_buffer_nolock 00000001800241c4     libucrt:_getbuf.obj
 0004:000011d0       $pdata$??$?RV<lambda_751a882b2c74d4b022dec766aa51a29a>@@AEAV<lambda_628dfdc04ba53c8bfc02c9951375f3f5>@@V<lambda_f6c7be5f7998530c34de24c7437d6b54>@@@?$__crt_seh_guarded_call@H@@QEAAH$$QEAV<lambda_751a882b2c74d4b022dec766aa51a29a>@@AEAV<lambda_628dfdc04ba53c8bfc02c9951375f3f5>@@$$QEAV<lambda_f6c7be5f7998530c34de24c7437d6b54>@@@Z 00000001800241d0     libucrt:close.obj
 0004:000011dc       $pdata$_close              00000001800241dc     libucrt:close.obj
 0004:000011e8       $pdata$_close_nolock       00000001800241e8     libucrt:close.obj
 0004:000011f4       $pdata$__dcrt_lowio_ensure_console_output_initialized 00000001800241f4     libucrt:initcon.obj
 0004:00001200       $pdata$__dcrt_terminate_console_output 0000000180024200     libucrt:initcon.obj
 0004:0000120c       $pdata$__dcrt_write_console 000000018002420c     libucrt:initcon.obj
 0004:00001218       $pdata$__acrt_fenv_set_control 0000000180024218     libucrt:_fenvutils.obj
 0004:00001224       $pdata$_clearfp            0000000180024224     libucrt:ieee.obj
 0004:00001230       $pdata$_call_matherr       0000000180024230     libucrt:libm_error.obj
 0004:0000123c       $pdata$_exception_enabled  000000018002423c     libucrt:libm_error.obj
 0004:00001248       $pdata$_handle_error       0000000180024248     libucrt:libm_error.obj
 0004:00001254       $pdata$__acrt_initialize_fma3 0000000180024254     libucrt:fma3_available.obj
 0004:00001260       $pdata$_log10_special      0000000180024260     libucrt:log_special.obj
 0004:0000126c       $pdata$_log_special_common 000000018002426c     libucrt:log_special.obj
 0004:00001284       $pdata$_raise_exc          0000000180024284     libucrt:fpexcept.obj
 0004:00001290       $pdata$_raise_exc_ex       0000000180024290     libucrt:fpexcept.obj
 0004:0000129c       $pdata$_set_errno_from_matherr 000000018002429c     libucrt:fpexcept.obj
 0004:000012a8       $pdata$_clrfp              00000001800242a8     libucrt:fpctrl.obj
 0004:000012b4       $pdata$_ctrlfp             00000001800242b4     libucrt:fpctrl.obj
 0004:000012c0       $pdata$_set_statfp         00000001800242c0     libucrt:fpctrl.obj
 0004:000012cc       $pdata$_statfp             00000001800242cc     libucrt:fpctrl.obj
 0004:000012d8       $pdata$?DloadAcquireSectionWriteAccess@@YAXXZ 00000001800242d8     DelayImp:delayhlp.obj
 0004:000012e4       $pdata$?DloadGetSRWLockFunctionPointers@@YAEXZ 00000001800242e4     DelayImp:delayhlp.obj
 0004:000012f0       $pdata$?DloadMakePermanentImageCommit@@YAXPEAX_K@Z 00000001800242f0     DelayImp:delayhlp.obj
 0004:000012fc       $pdata$?DloadObtainSection@@YAPEAXPEAK0@Z 00000001800242fc     DelayImp:delayhlp.obj
 0004:00001308       $pdata$?DloadProtectSection@@YAXKPEAK@Z 0000000180024308     DelayImp:delayhlp.obj
 0004:00001314       $pdata$?DloadReleaseSectionWriteAccess@@YAXXZ 0000000180024314     DelayImp:delayhlp.obj
 0004:00001320       $pdata$__delayLoadHelper2  0000000180024320     DelayImp:delayhlp.obj
 0004:0000132c       $pdata$_IsNonwritableInCurrentImage 000000018002432c     LIBCMT:pesect.obj
 0004:00001338       $pdata$__GSHandlerCheck    0000000180024338     LIBCMT:gshandler.obj
 0004:00001344       $pdata$__GSHandlerCheckCommon 0000000180024344     LIBCMT:gshandler.obj
 0004:00001368       $pdata$strrchr             0000000180024368     libvcruntime:strrchr.obj
 0004:00001380       $pdata$?fin$0@?0??dllmain_crt_process_attach@@YAHQEAUHINSTANCE__@@QEAX@Z@4HA 0000000180024380     LIBCMT:dll_dllmain.obj
 0004:0000138c       $pdata$?fin$0@?0??dllmain_crt_process_detach@@YAH_N@Z@4HA 000000018002438c     LIBCMT:dll_dllmain.obj
 0004:00001398       $pdata$?filt$0@?0??dllmain_dispatch@@YAHQEAUHINSTANCE__@@KQEAX@Z@4HA 0000000180024398     LIBCMT:dll_dllmain.obj
 0004:000013a4       $pdata$__scrt_is_nonwritable_in_current_image$filt$0 00000001800243a4     LIBCMT:utility.obj
 0004:000013b0       $pdata$__DestructExceptionObject$filt$0 00000001800243b0     libvcruntime:ehhelpers.obj
 0004:000013bc       $pdata$_query_new_handler$fin$0 00000001800243bc     libucrt:new_handler.obj
 0004:000013c8       $pdata$?fin$0@?0???$?RV<lambda_450d765d439847d4c735a33c368b5fc0>@@AEAV<lambda_44731a7d0e6d81c3e6aa82d741081786>@@V<lambda_601a2a7da3b7a96e9554ac7215c4b07c>@@@?$__crt_seh_guarded_call@P6AXH@Z@@QEAAP6AXH@Z$$QEAV<lambda_450d765d439847d4c735a33c368b5fc0>@@AEAV<lambda_44731a7d0e6d81c3e6aa82d741081786>@@$$QEAV<lambda_601a2a7da3b7a96e9554ac7215c4b07c>@@@Z@4HA 00000001800243c8     libucrt:signal.obj
 0004:000013c8       $pdata$?fin$0@?0???$?RV<lambda_aa87e3671a710a21b5dc78c0bdf72e11>@@AEAV<lambda_92619d2358a28f41a33ba319515a20b9>@@V<lambda_6992ecaafeb10aed2b74cb1fae11a551>@@@?$__crt_seh_guarded_call@X@@QEAAX$$QEAV<lambda_aa87e3671a710a21b5dc78c0bdf72e11>@@AEAV<lambda_92619d2358a28f41a33ba319515a20b9>@@$$QEAV<lambda_6992ecaafeb10aed2b74cb1fae11a551>@@@Z@4HA 00000001800243c8     libucrt:per_thread_data.obj
 0004:000013c8       $pdata$?fin$0@?0???$?RV<lambda_efdfa57d1f175319df784efa44bb7b81>@@AEAV<lambda_5f0a4c1567f8adc6734073e5d1e1b35c>@@V<lambda_2e8a7d3640ea6ccb4c2413664c2db6fd>@@@?$__crt_seh_guarded_call@X@@QEAAX$$QEAV<lambda_efdfa57d1f175319df784efa44bb7b81>@@AEAV<lambda_5f0a4c1567f8adc6734073e5d1e1b35c>@@$$QEAV<lambda_2e8a7d3640ea6ccb4c2413664c2db6fd>@@@Z@4HA 00000001800243c8     libucrt:mbctype.obj
 0004:000013c8       $pdata$?fin$0@?0???$?RV<lambda_0ae27a3a962d80f24befdcbee591983d>@@AEAV<lambda_8d0ee55de4b1038c4002e0adecdf1839>@@V<lambda_dc504788e8f1664fe9b84e20bfb512f2>@@@?$__crt_seh_guarded_call@X@@QEAAX$$QEAV<lambda_0ae27a3a962d80f24befdcbee591983d>@@AEAV<lambda_8d0ee55de4b1038c4002e0adecdf1839>@@$$QEAV<lambda_dc504788e8f1664fe9b84e20bfb512f2>@@@Z@4HA 00000001800243c8     libucrt:per_thread_data.obj
 0004:000013c8       $pdata$?fin$0@?0???$?RV<lambda_2d41944a1d46af3157314b8a01080d33>@@AEAV<lambda_8f455de75cd7d7f24b4096f044d8b9e6>@@V<lambda_aa500f224e6afead328df44964fe2772>@@@?$__crt_seh_guarded_call@X@@QEAAX$$QEAV<lambda_2d41944a1d46af3157314b8a01080d33>@@AEAV<lambda_8f455de75cd7d7f24b4096f044d8b9e6>@@$$QEAV<lambda_aa500f224e6afead328df44964fe2772>@@@Z@4HA 00000001800243c8     libucrt:per_thread_data.obj
 0004:000013c8       $pdata$?fin$0@?0???$?RV<lambda_f2e299630e499de9f9a165e60fcd3db5>@@AEAV<lambda_2ae9d31cdba2644fcbeaf08da7c24588>@@V<lambda_40d01ff24d0e7b3814fdbdcee8eab3c7>@@@?$__crt_seh_guarded_call@X@@QEAAX$$QEAV<lambda_f2e299630e499de9f9a165e60fcd3db5>@@AEAV<lambda_2ae9d31cdba2644fcbeaf08da7c24588>@@$$QEAV<lambda_40d01ff24d0e7b3814fdbdcee8eab3c7>@@@Z@4HA 00000001800243c8     libucrt:per_thread_data.obj
 0004:000013c8       $pdata$?fin$0@?0???$?RV<lambda_7777bce6b2f8c936911f934f8298dc43>@@AEAV<lambda_f03950bc5685219e0bcd2087efbe011e>@@V<lambda_3883c3dff614d5e0c5f61bb1ac94921c>@@@?$__crt_seh_guarded_call@H@@QEAAH$$QEAV<lambda_7777bce6b2f8c936911f934f8298dc43>@@AEAV<lambda_f03950bc5685219e0bcd2087efbe011e>@@$$QEAV<lambda_3883c3dff614d5e0c5f61bb1ac94921c>@@@Z@4HA 00000001800243c8     libucrt:onexit.obj
 0004:000013c8       $pdata$?fin$0@?0???$?RV<lambda_d80eeec6fff315bfe5c115232f3240e3>@@AEAV<lambda_6e4b09c48022b2350581041d5f6b0c4c>@@V<lambda_2358e3775559c9db80273638284d5e45>@@@?$__crt_seh_guarded_call@X@@QEAAX$$QEAV<lambda_d80eeec6fff315bfe5c115232f3240e3>@@AEAV<lambda_6e4b09c48022b2350581041d5f6b0c4c>@@$$QEAV<lambda_2358e3775559c9db80273638284d5e45>@@@Z@4HA 00000001800243c8     libucrt:exit.obj
 0004:000013d4       $pdata$?filt$0@?0???R<lambda_6e4b09c48022b2350581041d5f6b0c4c>@@QEBA@XZ@4HA 00000001800243d4     libucrt:exit.obj
 0004:000013e0       $pdata$?fin$0@?0???$?RV<lambda_0d412022a4b28cc8a401ea49574e8ae6>@@AEAV<lambda_a775ed57af18ba8e4d5dc780aa9068fe>@@V<lambda_975a71a6baa488a08f4e15f6b0339b9e>@@@?$__crt_seh_guarded_call@H@@QEAAH$$QEAV<lambda_0d412022a4b28cc8a401ea49574e8ae6>@@AEAV<lambda_a775ed57af18ba8e4d5dc780aa9068fe>@@$$QEAV<lambda_975a71a6baa488a08f4e15f6b0339b9e>@@@Z@4HA 00000001800243e0     libucrt:output.obj
 0004:000013e0       $pdata$?fin$0@?0???$?RV<lambda_842d9ff0dc9ef11c61343bbaebe7f885>@@AEAV<lambda_c5860995281e5c4ce005b3de8f5874ee>@@V<lambda_d90129c13df834fdcbf8d2b88dafcf2d>@@@?$__crt_seh_guarded_call@X@@QEAAX$$QEAV<lambda_842d9ff0dc9ef11c61343bbaebe7f885>@@AEAV<lambda_c5860995281e5c4ce005b3de8f5874ee>@@$$QEAV<lambda_d90129c13df834fdcbf8d2b88dafcf2d>@@@Z@4HA 00000001800243e0     libucrt:fflush.obj
 0004:000013e0       $pdata$?fin$0@?0???$?RV<lambda_84ec643ea9557e2f7dc01bb0e9624395>@@AEAV<lambda_ca71763b3c0644891230e4f79ea54fa6>@@V<lambda_439a761618c59b0600e24586724d733b>@@@?$__crt_seh_guarded_call@H@@QEAAH$$QEAV<lambda_84ec643ea9557e2f7dc01bb0e9624395>@@AEAV<lambda_ca71763b3c0644891230e4f79ea54fa6>@@$$QEAV<lambda_439a761618c59b0600e24586724d733b>@@@Z@4HA 00000001800243e0     libucrt:setvbuf.obj
 0004:000013e0       $pdata$?fin$0@?0???$?RV<lambda_c376a267cfb53b6959b3b692ec76b120>@@AEAV<lambda_9a32fed5bf61b6b509b2d3f6003082a1>@@V<lambda_572fbb9fa0ab338edf41edfd4b5fcc8d>@@@?$__crt_seh_guarded_call@H@@QEAAH$$QEAV<lambda_c376a267cfb53b6959b3b692ec76b120>@@AEAV<lambda_9a32fed5bf61b6b509b2d3f6003082a1>@@$$QEAV<lambda_572fbb9fa0ab338edf41edfd4b5fcc8d>@@@Z@4HA 00000001800243e0     libucrt:fflush.obj
 0004:000013ec       $pdata$?fin$0@?0???$?RV<lambda_886d6c58226a84441f68b9f2b8217b83>@@AEAV<lambda_ab61a845afdef5b7c387490eaf3616ee>@@V<lambda_f7f22ab5edc0698d5f6905b0d3f44752>@@@?$__crt_seh_guarded_call@X@@QEAAX$$QEAV<lambda_886d6c58226a84441f68b9f2b8217b83>@@AEAV<lambda_ab61a845afdef5b7c387490eaf3616ee>@@$$QEAV<lambda_f7f22ab5edc0698d5f6905b0d3f44752>@@@Z@4HA 00000001800243ec     libucrt:fflush.obj
 0004:000013f8       $pdata$raise$fin$0         00000001800243f8     libucrt:signal.obj
 0004:00001404       $pdata$?fin$0@?0???$?RV<lambda_410d79af7f07d98d83a3f525b3859a53>@@AEAV<lambda_3e16ef9562a7dcce91392c22ab16ea36>@@V<lambda_38119f0e861e05405d8a144b9b982f0a>@@@?$__crt_seh_guarded_call@X@@QEAAX$$QEAV<lambda_410d79af7f07d98d83a3f525b3859a53>@@AEAV<lambda_3e16ef9562a7dcce91392c22ab16ea36>@@$$QEAV<lambda_38119f0e861e05405d8a144b9b982f0a>@@@Z@4HA 0000000180024404     libucrt:wsetlocale.obj
 0004:00001410       $pdata$?fin$0@?0??update_thread_multibyte_data_internal@@YAPEAU__crt_multibyte_data@@QEAU__acrt_ptd@@QEAPEAU1@@Z@4HA 0000000180024410     libucrt:mbctype.obj
 0004:0000141c       $pdata$__acrt_lowio_ensure_fh_exists$fin$0 000000018002441c     libucrt:osfinfo.obj
 0004:0000141c       $pdata$__acrt_initialize_lowio$fin$0 000000018002441c     libucrt:ioinit.obj
 0004:00001428       $pdata$_fcloseall$fin$0    0000000180024428     libucrt:closeall.obj
 0004:00001434       $pdata$?fin$0@?0???$?RV<lambda_a37b2b86f63e897a80ea819b0eb08c01>@@AEAV<lambda_38ce7e780aa69e748d6df282ebc68efe>@@V<lambda_99fb1378e971ab6e7edea83e3a7a83a2>@@@?$__crt_seh_guarded_call@H@@QEAAH$$QEAV<lambda_a37b2b86f63e897a80ea819b0eb08c01>@@AEAV<lambda_38ce7e780aa69e748d6df282ebc68efe>@@$$QEAV<lambda_99fb1378e971ab6e7edea83e3a7a83a2>@@@Z@4HA 0000000180024434     libucrt:commit.obj
 0004:00001434       $pdata$?fin$0@?0???$?RV<lambda_751a882b2c74d4b022dec766aa51a29a>@@AEAV<lambda_628dfdc04ba53c8bfc02c9951375f3f5>@@V<lambda_f6c7be5f7998530c34de24c7437d6b54>@@@?$__crt_seh_guarded_call@H@@QEAAH$$QEAV<lambda_751a882b2c74d4b022dec766aa51a29a>@@AEAV<lambda_628dfdc04ba53c8bfc02c9951375f3f5>@@$$QEAV<lambda_f6c7be5f7998530c34de24c7437d6b54>@@@Z@4HA 0000000180024434     libucrt:close.obj
 0004:00001440       $pdata$_write$fin$0        0000000180024440     libucrt:write.obj
 0004:00001440       $pdata$?fin$0@?0???$common_lseek@_J@@YA_JH_JH@Z@4HA 0000000180024440     libucrt:lseek.obj
 0004:0000144c       $pdata$__acrt_update_thread_locale_data$fin$0 000000018002444c     libucrt:locale_refcounting.obj
 0004:00001458       $pdata$fclose$fin$0        0000000180024458     libucrt:fclose.obj
 0004:00001464       $pdata$_ctrlfp$filt$0      0000000180024464     libucrt:fpctrl.obj
 0004:00001470       $pdata$_IsNonwritableInCurrentImage$filt$0 0000000180024470     LIBCMT:pesect.obj
 0005:00000060       $R000000                   0000000180025060     * linker generated manifest res *

 Exports

  ordinal    name

        1    _register_addon_
